Проверка количества текущих сущностей.
Я создал 5 новых Item и это можно увидеть по вызову данной команды


D:\projects\job4j_tracker>jmap -histo 1440
 num     #instances         #bytes  class name (module)
-------------------------------------------------------
   1:          2666        1778536  [I (java.base@16.0.2)
   2:         23239        1689784  [B (java.base@16.0.2)
   3:          9288         453904  [Ljava.lang.Object; (java.base@16.0.2)
   4:         18367         440808  java.lang.String (java.base@16.0.2)
   5:          1291         383624  [C (java.base@16.0.2)
   6:          2655         320320  java.lang.Class (java.base@16.0.2)
   7:          6160         197120  java.util.HashMap$Node (java.base@16.0.2)
   8:          1797         158136  java.lang.reflect.Method (java.base@16.0.2)
   9:          4673         149536  java.io.ObjectStreamClass$WeakClassKey (java.base@16.0.2)
  10:          4457         142624  java.util.concurrent.ConcurrentHashMap$Node (java.base@16.0.2)
  11:           915         105264  [Ljava.util.HashMap$Node; (java.base@16.0.2)
  12:           832          99840  java.io.ObjectStreamClass (java.base@16.0.2)
  13:          2258          76128  [Ljava.lang.String; (java.base@16.0.2)
  14:          2872          68416  [Ljava.lang.Class; (java.base@16.0.2)
  15:          1343          64464  java.util.HashMap (java.base@16.0.2)
  16:          2252          54048  java.lang.Long (java.base@16.0.2)
  17:           233          46232  [J (java.base@16.0.2)
  18:          1122          44880  java.util.LinkedHashMap$Entry (java.base@16.0.2)
  19:            99          40048  [Ljava.util.concurrent.ConcurrentHashMap$Node; (java.base@16.0.2)
  20:           472          33984  java.lang.reflect.Field (java.base@16.0.2)
  21:           699          33552  java.lang.invoke.MemberName (java.base@16.0.2)
  22:          1378          33072  java.lang.StringBuilder (java.base@16.0.2)
  23:           448          32256  java.lang.reflect.Constructor (java.base@16.0.2)
  24:           787          31480  java.util.TreeMap$Entry (java.base@16.0.2)
  25:           482          30848  java.util.concurrent.ConcurrentHashMap (java.base@16.0.2)
  26:           406          25984  java.lang.Class$ReflectionData (java.base@16.0.2)
  27:           638          25520  java.lang.ref.SoftReference (java.base@16.0.2)
  28:           546          21840  java.lang.invoke.MethodType (java.base@16.0.2)
  29:           646          21736  [Ljavax.management.ObjectName$Property; (java.management@16.0.2)
  30:           676          21632  java.lang.invoke.LambdaForm$Name (java.base@16.0.2)
  31:           284          21584  [Ljava.lang.ref.SoftReference; (java.base@16.0.2)
  32:           658          21056  java.lang.invoke.MethodType$ConcurrentWeakInternSet$WeakEntry (java.base@16.0.2)
  33:           495          19800  java.io.DataOutputStream (java.base@16.0.2)
  34:           753          18072  javax.management.Attribute (java.management@16.0.2)
  35:           726          17424  java.io.SerialCallbackContext (java.base@16.0.2)
  36:           418          16720  java.io.ObjectOutputStream$HandleTable (java.base@16.0.2)
  37:           417          16680  java.io.ObjectStreamClass$FieldReflectorKey (java.base@16.0.2)
  38:           208          14976  sun.rmi.transport.ConnectionInputStream (java.rmi@16.0.2)
  39:           232          14144  [Ljava.io.ObjectInputStream$HandleTable$HandleList; (java.base@16.0.2)
  40:           424          13568  java.rmi.server.UID (java.rmi@16.0.2)
  41:           209          13376  sun.rmi.transport.ConnectionOutputStream (java.rmi@16.0.2)
  42:           822          13152  java.lang.Object (java.base@16.0.2)
  43:           543          13032  java.lang.invoke.ResolvedMethodName (java.base@16.0.2)
  44:           539          12936  java.util.ArrayList (java.base@16.0.2)
  45:           151          12016  [S (java.base@16.0.2)
  46:           365          11680  java.util.TreeMap$KeyIterator (java.base@16.0.2)
  47:           208          11648  java.io.ObjectInputStream$BlockDataInputStream (java.base@16.0.2)
  48:           188          11400  [Ljava.lang.reflect.Method; (java.base@16.0.2)
  49:           337          10784  java.util.TreeMap$EntryIterator (java.base@16.0.2)
  50:           191          10696  java.lang.Module (java.base@16.0.2)
  51:           330          10560  java.lang.ref.WeakReference (java.base@16.0.2)
  52:           402           9648  java.lang.module.ModuleDescriptor$Exports (java.base@16.0.2)
  53:           118           9440  jdk.internal.reflect.DelegatingClassLoader (java.base@16.0.2)
  54:           191           9168  java.util.TreeMap (java.base@16.0.2)
  55:           190           9120  jdk.internal.ref.CleanerImpl$PhantomCleanableRef (java.base@16.0.2)
  56:           366           8784  javax.management.ObjectName$Property (java.management@16.0.2)
  57:           210           8400  sun.rmi.transport.StreamRemoteCall (java.rmi@16.0.2)
  58:           209           8360  java.io.ObjectOutputStream$BlockDataOutputStream (java.base@16.0.2)
  59:           208           8320  java.util.HashMap$ValueIterator (java.base@16.0.2)
  60:           259           8288  sun.security.util.KnownOIDs (java.base@16.0.2)
  61:           162           7848  [Ljava.lang.invoke.LambdaForm$Name; (java.base@16.0.2)
  62:           193           7720  java.io.ObjectStreamField (java.base@16.0.2)
  63:           471           7536  java.util.HashSet (java.base@16.0.2)
  64:           156           7488  java.lang.invoke.LambdaForm (java.base@16.0.2)
  65:           226           7232  javax.management.ObjectName (java.management@16.0.2)
  66:           292           6848  [Ljava.lang.reflect.Constructor; (java.base@16.0.2)
  67:           214           6848  java.io.DataInputStream (java.base@16.0.2)
  68:           209           6688  jdk.internal.reflect.NativeConstructorAccessorImpl (java.base@16.0.2)
  69:           417           6672  sun.rmi.transport.Transport$$Lambda$126/0x0000000800c9ced8 (java.rmi@16.0.2)
  70:           208           6656  java.io.ObjectInputStream$HandleTable (java.base@16.0.2)
  71:           208           6656  java.io.ObjectInputStream$PeekInputStream (java.base@16.0.2)
  72:           208           6656  sun.rmi.transport.Transport$1 (java.rmi@16.0.2)
  73:           136           6528  java.lang.management.MemoryUsage (java.management@16.0.2)
  74:           199           6368  java.lang.invoke.LambdaForm$NamedFunction (java.base@16.0.2)
  75:            17           6256  java.lang.Thread (java.base@16.0.2)
  76:           195           6240  javax.management.AttributeList (java.management@16.0.2)
  77:           194           6208  java.io.ObjectInputStream$FieldValues (java.base@16.0.2)
  78:           155           6200  java.util.WeakHashMap$Entry (java.base@16.0.2)
  79:           193           6176  java.lang.invoke.DirectMethodHandle (java.base@16.0.2)
  80:           252           6048  javax.management.ImmutableDescriptor (java.management@16.0.2)
  81:           239           5736  java.io.ObjectStreamClass$ClassDataSlot (java.base@16.0.2)
  82:           179           5728  java.lang.module.ModuleDescriptor$Requires (java.base@16.0.2)
  83:            71           5680  java.net.URI (java.base@16.0.2)
  84:           176           5632  java.lang.invoke.MethodHandleNatives$CallSiteContext (java.base@16.0.2)
  85:           233           5592  java.util.ImmutableCollections$Set12 (java.base@16.0.2)
  86:           223           5352  java.util.Collections$UnmodifiableCollection$1 (java.base@16.0.2)
  87:           221           5328  [Ljava.io.ObjectStreamClass$ClassDataSlot; (java.base@16.0.2)
  88:           133           5320  java.security.ProtectionDomain (java.base@16.0.2)
  89:           129           5160  java.security.CodeSource (java.base@16.0.2)
  90:           212           5088  java.rmi.server.ObjID (java.rmi@16.0.2)
  91:           211           5064  sun.rmi.transport.ObjectEndpoint (java.rmi@16.0.2)
  92:           158           5056  java.lang.invoke.MethodTypeForm (java.base@16.0.2)
  93:           209           5016  java.io.ObjectOutputStream$ReplaceTable (java.base@16.0.2)
  94:           207           4968  javax.management.remote.rmi.RMIConnectionImpl$PrivilegedOperation (java.management.rmi@16.0.2)
  95:           155           4960  com.sun.jmx.mbeanserver.ConvertingMethod (java.management@16.0.2)
  96:           306           4896  java.lang.Integer (java.base@16.0.2)
  97:           194           4656  [Ljava.io.ObjectInputStream$FieldValues; (java.base@16.0.2)
  98:            72           4608  java.lang.module.ModuleDescriptor (java.base@16.0.2)
  99:           176           4224  jdk.internal.module.ServicesCatalog$ServiceProvider (java.base@16.0.2)
 100:           126           4032  jdk.internal.loader.NativeLibraries (java.base@16.0.2)
 101:            71           3976  jdk.internal.module.ModuleReferenceImpl (java.base@16.0.2)
 102:           162           3888  java.util.ImmutableCollections$List12 (java.base@16.0.2)
 103:           159           3816  java.time.LocalDateTime (java.base@16.0.2)
 104:           155           3720  javax.management.openmbean.CompositeDataSupport (java.management@16.0.2)
 105:            44           3600  [Ljava.lang.invoke.MethodHandle; (java.base@16.0.2)
 106:            90           3600  java.math.BigInteger (java.base@16.0.2)
 107:           110           3520  java.lang.invoke.BoundMethodHandle$Species_L (java.base@16.0.2)
 108:            33           3504  [Ljava.util.WeakHashMap$Entry; (java.base@16.0.2)
 109:           219           3504  java.util.HashMap$Values (java.base@16.0.2)
 110:           211           3376  jdk.internal.reflect.DelegatingConstructorAccessorImpl (java.base@16.0.2)
 111:           139           3336  java.util.ImmutableCollections$SetN (java.base@16.0.2)
 112:           208           3328  java.io.ObjectInputStream$ValidationList (java.base@16.0.2)
 113:           208           3328  sun.rmi.server.MarshalOutputStream$1 (java.rmi@16.0.2)
 114:           166           3320  [Lcom.sun.jmx.mbeanserver.MXBeanMapping; (java.management@16.0.2)
 115:            49           3136  javax.management.openmbean.OpenMBeanAttributeInfoSupport (java.management@16.0.2)
 116:            78           3120  com.sun.management.internal.DiagnosticCommandArgumentInfo (jdk.management@16.0.2)
 117:           130           3120  java.util.AbstractMap$SimpleImmutableEntry (java.base@16.0.2)
 118:           122           2928  java.security.Provider$ServiceKey (java.base@16.0.2)
 119:            55           2888  [Ljavax.management.MBeanAttributeInfo; (java.management@16.0.2)
 120:            69           2832  [Ljava.lang.reflect.Field; (java.base@16.0.2)
 121:            50           2800  java.security.Provider$Service (java.base@16.0.2)
 122:           162           2592  java.util.TreeMap$KeySet (java.base@16.0.2)
 123:            54           2592  javax.management.MBeanInfo (java.management@16.0.2)
 124:            53           2544  java.lang.invoke.LambdaFormEditor$Transform (java.base@16.0.2)
 125:           103           2472  [[C (java.base@16.0.2)
 126:            50           2400  java.util.logging.LogManager$LoggerWeakRef (java.logging@16.0.2)
 127:            97           2328  java.time.LocalDate (java.base@16.0.2)
 128:            57           2280  java.lang.invoke.BoundMethodHandle$Species_LL (java.base@16.0.2)
 129:            81           2264  [Ljava.io.ObjectStreamField; (java.base@16.0.2)
 130:            93           2232  java.util.concurrent.CopyOnWriteArrayList (java.base@16.0.2)
 131:           137           2192  java.util.TreeMap$EntrySet (java.base@16.0.2)
 132:           133           2128  [Ljava.security.Principal; (java.base@16.0.2)
 133:           133           2128  java.security.ProtectionDomain$Key (java.base@16.0.2)
 134:            38           2128  jdk.internal.org.objectweb.asm.SymbolTable$Entry (java.base@16.0.2)
 135:            66           2112  java.lang.invoke.LambdaForm$Kind (java.base@16.0.2)
 136:             2           2080  [Ljdk.internal.org.objectweb.asm.SymbolTable$Entry; (java.base@16.0.2)
 137:            65           2080  javax.management.MBeanAttributeInfo (java.management@16.0.2)
 138:           128           2048  java.lang.Character (java.base@16.0.2)
 139:            41           1968  com.sun.management.internal.DiagnosticCommandInfo (jdk.management@16.0.2)
 140:            61           1952  jdk.internal.loader.BuiltinClassLoader$LoadedModule (java.base@16.0.2)
 141:            48           1920  java.lang.reflect.InvocationTargetException (java.base@16.0.2)
 142:            47           1880  java.lang.invoke.DirectMethodHandle$Accessor (java.base@16.0.2)
 143:            56           1792  java.lang.ref.ReferenceQueue (java.base@16.0.2)
 144:            73           1752  java.lang.module.ModuleDescriptor$Provides (java.base@16.0.2)
 145:            54           1728  java.util.logging.LogManager$LogNode (java.logging@16.0.2)
 146:            71           1704  jdk.internal.module.SystemModuleFinders$2 (java.base@16.0.2)
 147:            42           1680  java.lang.invoke.DirectMethodHandle$Constructor (java.base@16.0.2)
 148:            68           1632  sun.reflect.generics.tree.SimpleClassTypeSignature (java.base@16.0.2)
 149:            33           1584  java.time.temporal.ValueRange (java.base@16.0.2)
 150:             1           1568  [[B (java.base@16.0.2)
 151:            96           1536  jdk.internal.reflect.DelegatingMethodAccessorImpl (java.base@16.0.2)
 152:            38           1520  javax.management.MBeanOperationInfo (java.management@16.0.2)
 153:            63           1512  java.security.Provider$UString (java.base@16.0.2)
 154:            63           1512  java.util.Arrays$ArrayList (java.base@16.0.2)
 155:            62           1488  java.lang.module.ResolvedModule (java.base@16.0.2)
 156:            62           1488  jdk.internal.module.SystemModuleFinders$SystemModuleReader (java.base@16.0.2)
 157:            28           1344  java.util.WeakHashMap (java.base@16.0.2)
 158:            42           1344  javax.management.MBeanParameterInfo (java.management@16.0.2)
 159:            45           1336  [Ljavax.management.MBeanOperationInfo; (java.management@16.0.2)
 160:            71           1320  [Lsun.reflect.generics.tree.TypeArgument; (java.base@16.0.2)
 161:            41           1312  com.sun.management.internal.DiagnosticCommandImpl$Wrapper (jdk.management@16.0.2)
 162:            39           1248  jdk.internal.reflect.UnsafeQualifiedStaticLongFieldAccessorImpl (java.base@16.0.2)
 163:            31           1240  java.security.AccessControlContext (java.base@16.0.2)
 164:            30           1200  java.time.temporal.ChronoField (java.base@16.0.2)
 165:            38           1184  [Ljava.math.BigInteger; (java.base@16.0.2)
 166:            37           1184  java.net.InetAddress$InetAddressHolder (java.base@16.0.2)
 167:            29           1160  java.io.ObjectStreamClass$FieldReflector (java.base@16.0.2)
 168:            28           1120  java.lang.invoke.MethodHandleImpl$AsVarargsCollector (java.base@16.0.2)
 169:             1           1096  [Lsun.security.util.KnownOIDs; (java.base@16.0.2)
 170:            68           1088  java.util.HashMap$KeySet (java.base@16.0.2)
 171:             2           1064  [Ljava.lang.Integer; (java.base@16.0.2)
 172:            19           1064  java.nio.HeapCharBuffer (java.base@16.0.2)
 173:            44           1056  java.util.Arrays$ArrayItr (java.base@16.0.2)
 174:            66           1056  jdk.internal.module.SystemModuleFinders$3 (java.base@16.0.2)
 175:            66           1056  sun.reflect.generics.tree.ClassTypeSignature (java.base@16.0.2)
 176:             1           1040  [Ljava.lang.Long; (java.base@16.0.2)
 177:            41           1024  [Lcom.sun.management.internal.DiagnosticCommandArgumentInfo; (jdk.management@16.0.2)
 178:            16           1024  [Ljava.lang.Thread; (java.base@16.0.2)
 179:            42           1008  java.util.ImmutableCollections$ListN (java.base@16.0.2)
 180:            31            992  java.lang.ThreadLocal$ThreadLocalMap$Entry (java.base@16.0.2)
 181:            31            992  java.lang.invoke.VarHandle$AccessMode (java.base@16.0.2)
 182:            41            984  com.sun.jmx.mbeanserver.PerInterface$MethodAndSig (java.management@16.0.2)
 183:            24            960  com.sun.jmx.mbeanserver.MXBeanSupport (java.management@16.0.2)
 184:            24            960  java.lang.UnsupportedOperationException (java.base@16.0.2)
 185:            30            960  java.security.Provider$EngineDescription (java.base@16.0.2)
 186:            17            952  java.util.LinkedHashMap (java.base@16.0.2)
 187:            17            952  javax.management.openmbean.CompositeType (java.management@16.0.2)
 188:            28            944  [Ljava.time.format.DateTimeFormatterBuilder$DateTimePrinterParser; (java.base@16.0.2)
 189:            58            928  java.lang.ref.ReferenceQueue$Lock (java.base@16.0.2)
 190:            58            928  java.util.HashMap$EntrySet (java.base@16.0.2)
 191:            19            912  javax.management.openmbean.ArrayType (java.management@16.0.2)
 192:            37            904  [Ljavax.management.MBeanParameterInfo; (java.management@16.0.2)
 193:             4            896  jdk.internal.org.objectweb.asm.MethodWriter (java.base@16.0.2)
 194:             6            864  [Ljava.lang.invoke.MemberName; (java.base@16.0.2)
 195:            36            864  java.lang.management.ManagementPermission (java.management@16.0.2)
 196:            27            864  java.util.Locale (java.base@16.0.2)
 197:            27            864  sun.util.locale.BaseLocale (java.base@16.0.2)
 198:            15            840  java.util.logging.Logger (java.logging@16.0.2)
 199:            25            800  com.sun.jmx.mbeanserver.WeakIdentityHashMap$IdentityWeakReference (java.management@16.0.2)
 200:            20            800  sun.reflect.generics.repository.MethodRepository (java.base@16.0.2)
 201:            14            784  javax.management.openmbean.OpenMBeanParameterInfoSupport (java.management@16.0.2)
 202:            32            768  com.sun.jmx.mbeanserver.DefaultMXBeanMappingFactory$IdentityMapping (java.management@16.0.2)
 203:            32            768  java.time.LocalTime (java.base@16.0.2)
 204:            24            768  java.time.format.DateTimeFormatterBuilder$NumberPrinterParser (java.base@16.0.2)
 205:            33            736  [Ljava.lang.reflect.Type; (java.base@16.0.2)
 206:            23            736  sun.management.MappedMXBeanType$BasicMXBeanType (java.management@16.0.2)
 207:            18            720  java.lang.invoke.BoundMethodHandle$Species_LJ (java.base@16.0.2)
 208:            11            704  java.nio.DirectByteBuffer (java.base@16.0.2)
 209:             7            680  [D (java.base@16.0.2)
 210:            17            680  sun.util.locale.LocaleObjectCache$CacheEntry (java.base@16.0.2)
 211:            17            680  sun.util.locale.provider.LocaleResources$ResourceReference (java.base@16.0.2)
 212:            35            672  [Lsun.reflect.generics.tree.FieldTypeSignature; (java.base@16.0.2)
 213:            28            672  java.time.format.DateTimeFormatterBuilder$CompositePrinterParser (java.base@16.0.2)
 214:            28            672  java.util.jar.Attributes$Name (java.base@16.0.2)
 215:            41            656  jdk.internal.reflect.BootstrapConstructorAccessorImpl (java.base@16.0.2)
 216:            27            648  java.util.Collections$SingletonList (java.base@16.0.2)
 217:             2            640  [Ljava.time.LocalDateTime; (java.base@16.0.2)
 218:            16            640  java.time.format.DateTimeFormatter (java.base@16.0.2)
 219:            16            640  java.util.logging.Logger$ConfigurationData (java.logging@16.0.2)
 220:            20            640  sun.reflect.generics.tree.MethodTypeSignature (java.base@16.0.2)
 221:             3            624  [Ljava.lang.invoke.LambdaForm; (java.base@16.0.2)
 222:            26            624  com.sun.jmx.mbeanserver.NamedObject (java.management@16.0.2)
 223:            19            608  jdk.internal.reflect.NativeMethodAccessorImpl (java.base@16.0.2)
 224:            15            600  java.lang.invoke.VarHandle$AccessDescriptor (java.base@16.0.2)
 225:            25            600  java.util.Collections$UnmodifiableRandomAccessList (java.base@16.0.2)
 226:            24            576  java.lang.invoke.Invokers (java.base@16.0.2)
 227:            24            576  java.time.Duration (java.base@16.0.2)
 228:             7            560  java.util.concurrent.TimeUnit (java.base@16.0.2)
 229:            14            560  javax.management.openmbean.SimpleType (java.management@16.0.2)
 230:            10            560  sun.invoke.util.Wrapper (java.base@16.0.2)
 231:            14            560  sun.util.resources.Bundles$BundleReference (java.base@16.0.2)
 232:            23            552  java.lang.invoke.LambdaFormEditor$TransformKey (java.base@16.0.2)
 233:            23            552  sun.reflect.generics.factory.CoreReflectionFactory (java.base@16.0.2)
 234:             1            528  [Ljava.lang.Character; (java.base@16.0.2)
 235:            11            528  com.sun.jmx.mbeanserver.DefaultMXBeanMappingFactory$CompositeMapping (java.management@16.0.2)
 236:            11            528  java.lang.invoke.BoundMethodHandle$SpeciesData (java.base@16.0.2)
 237:            13            520  com.sun.jmx.mbeanserver.PerInterface (java.management@16.0.2)
 238:            13            520  java.lang.invoke.VarHandleReferences$FieldInstanceReadWrite (java.base@16.0.2)
 239:            16            512  java.lang.invoke.MethodHandles$Lookup (java.base@16.0.2)
 240:            16            512  java.net.Inet6Address$Inet6AddressHolder (java.base@16.0.2)
 241:             8            512  java.net.URL (java.base@16.0.2)
 242:            16            512  java.time.temporal.ChronoUnit (java.base@16.0.2)
 243:            16            512  java.util.concurrent.locks.ReentrantLock$NonfairSync (java.base@16.0.2)
 244:            21            504  java.net.Inet4Address (java.base@16.0.2)
 245:             7            496  [Lsun.invoke.util.Wrapper; (java.base@16.0.2)
 246:             6            480  [Ljava.lang.ThreadLocal$ThreadLocalMap$Entry; (java.base@16.0.2)
 247:            12            480  java.io.FileDescriptor (java.base@16.0.2)
 248:            12            480  java.lang.OutOfMemoryError (java.base@16.0.2)
 249:            20            480  java.lang.RuntimePermission (java.base@16.0.2)
 250:             6            480  sun.nio.ch.NioSocketImpl (java.base@16.0.2)
 251:            20            480  sun.reflect.generics.reflectiveObjects.ParameterizedTypeImpl (java.base@16.0.2)
 252:            20            480  sun.reflect.generics.scope.MethodScope (java.base@16.0.2)
 253:            19            456  java.lang.Class$AnnotationData (java.base@16.0.2)
 254:             8            448  java.lang.invoke.BoundMethodHandle$Species_LLLLLLL (java.base@16.0.2)
 255:             8            448  sun.management.MemoryPoolImpl (java.management@16.0.2)
 256:            14            448  sun.util.resources.Bundles$CacheKey (java.base@16.0.2)
 257:            11            440  [Ljava.lang.invoke.BoundMethodHandle$SpeciesData; (java.base@16.0.2)
 258:            20            440  [Ljavax.management.MBeanNotificationInfo; (java.management@16.0.2)
 259:            11            440  sun.nio.fs.WindowsPath (java.base@16.0.2)
 260:             1            432  [[[C (java.base@16.0.2)
 261:            18            432  javax.management.StandardMBean (java.management@16.0.2)
 262:            13            416  [Ljava.net.InetAddress; (java.base@16.0.2)
 263:            13            416  jdk.jfr.internal.LogTag (jdk.jfr@16.0.2)
 264:            13            416  sun.security.jca.ProviderConfig (java.base@16.0.2)
 265:            24            408  [Lsun.reflect.generics.tree.FormalTypeParameter; (java.base@16.0.2)
 266:            17            408  java.io.ObjectStreamClass$ExceptionInfo (java.base@16.0.2)
 267:            17            408  sun.nio.ch.OptionKey (java.base@16.0.2)
 268:            17            408  sun.nio.ch.SocketOptionRegistry$RegistryKey (java.base@16.0.2)
 269:            10            400  java.util.IdentityHashMap (java.base@16.0.2)
 270:             2            384  [Ljava.time.ZoneOffset; (java.base@16.0.2)
 271:            16            384  java.net.Inet6Address (java.base@16.0.2)
 272:            16            384  java.time.ZoneOffset (java.base@16.0.2)
 273:             8            384  java.util.Hashtable (java.base@16.0.2)
 274:            16            384  sun.management.MemoryUsageCompositeData (java.management@16.0.2)
 275:             1            376  com.intellij.rt.execution.application.AppMainV2$1
 276:             1            376  java.lang.ref.Finalizer$FinalizerThread (java.base@16.0.2)
 277:             1            376  java.util.logging.LogManager$Cleaner (java.logging@16.0.2)
 278:             1            376  jdk.internal.misc.InnocuousThread (java.base@16.0.2)
 279:            23            368  java.lang.invoke.LambdaFormEditor (java.base@16.0.2)
 280:             1            368  java.lang.ref.Reference$ReferenceHandler (java.base@16.0.2)
 281:            23            368  java.time.format.DateTimeFormatterBuilder$CharLiteralPrinterParser (java.base@16.0.2)
 282:             8            360  [Ljava.util.Hashtable$Entry; (java.base@16.0.2)
 283:            20            360  [Lsun.reflect.generics.tree.TypeSignature; (java.base@16.0.2)
 284:             8            352  [Ljava.lang.invoke.MethodType; (java.base@16.0.2)
 285:            22            352  java.util.Collections$UnmodifiableSet (java.base@16.0.2)
 286:             4            352  java.util.regex.Pattern (java.base@16.0.2)
 287:            11            352  jdk.internal.org.objectweb.asm.Type (java.base@16.0.2)
 288:            11            352  jdk.internal.reflect.UnsafeQualifiedStaticObjectFieldAccessorImpl (java.base@16.0.2)
 289:             7            336  java.lang.invoke.BoundMethodHandle$Species_LLLL (java.base@16.0.2)
 290:             7            336  java.lang.invoke.BoundMethodHandle$Species_LLLLL (java.base@16.0.2)
 291:             6            336  java.nio.DirectLongBufferU (java.base@16.0.2)
 292:             6            336  java.nio.HeapByteBuffer (java.base@16.0.2)
 293:            14            336  java.util.concurrent.ConcurrentSkipListMap$Node (java.base@16.0.2)
 294:             6            336  sun.util.calendar.ZoneInfo (java.base@16.0.2)
 295:             4            320  [Ljava.nio.ByteBuffer; (java.base@16.0.2)
 296:             8            320  java.lang.invoke.DirectMethodHandle$Interface (java.base@16.0.2)
 297:             8            320  jdk.internal.loader.NativeLibraries$NativeLibraryImpl (java.base@16.0.2)
 298:            10            320  jdk.internal.logger.LazyLoggers$LazyLoggerAccessor (java.base@16.0.2)
 299:             8            320  sun.management.MemoryPoolImpl$CollectionSensor (java.management@16.0.2)
 300:             8            320  sun.management.MemoryPoolImpl$PoolSensor (java.management@16.0.2)
 301:             5            320  sun.nio.cs.SingleByte$Encoder (java.base@16.0.2)
 302:             8            320  sun.rmi.transport.tcp.TCPEndpoint (java.rmi@16.0.2)
 303:            17            312  [Ljavax.management.MBeanConstructorInfo; (java.management@16.0.2)
 304:             3            312  java.util.jar.JarFile$JarFileEntry (java.base@16.0.2)
 305:             2            304  jdk.internal.org.objectweb.asm.ClassWriter (java.base@16.0.2)
 306:             2            288  [Z (java.base@16.0.2)
 307:            12            288  com.sun.jmx.remote.util.ClassLogger (java.management@16.0.2)
 308:            12            288  java.net.StandardSocketOptions$StdSocketOption (java.base@16.0.2)
 309:            12            288  java.util.concurrent.atomic.AtomicLong (java.base@16.0.2)
 310:             9            288  java.util.logging.Level (java.logging@16.0.2)
 311:             9            288  java.util.logging.Level$KnownLevel (java.logging@16.0.2)
 312:             9            288  javax.management.MBeanNotificationInfo (java.management@16.0.2)
 313:             1            280  [Ljava.lang.invoke.LambdaForm$Kind; (java.base@16.0.2)
 314:             7            280  java.net.InetAddress$CachedAddresses (java.base@16.0.2)
 315:             5            280  java.util.Properties (java.base@16.0.2)
 316:             5            280  jdk.internal.org.objectweb.asm.Label (java.base@16.0.2)
 317:             7            264  [Ljavax.management.openmbean.OpenType; (java.management@16.0.2)
 318:            11            264  java.lang.invoke.MethodHandleImpl$Intrinsic (java.base@16.0.2)
 319:             8            256  java.lang.reflect.ProxyGenerator$PrimitiveTypeInfo (java.base@16.0.2)
 320:             8            256  java.util.ArrayList$Itr (java.base@16.0.2)
 321:            16            256  java.util.Collections$UnmodifiableMap$UnmodifiableEntrySet$UnmodifiableEntry (java.base@16.0.2)
 322:             8            256  java.util.Hashtable$Entry (java.base@16.0.2)
 323:            16            256  java.util.concurrent.locks.ReentrantLock (java.base@16.0.2)
 324:             8            256  sun.util.locale.BaseLocale$Key (java.base@16.0.2)
 325:            10            240  java.nio.charset.CoderResult (java.base@16.0.2)
 326:            10            240  java.nio.file.StandardOpenOption (java.base@16.0.2)
 327:            10            240  java.util.Collections$SetFromMap (java.base@16.0.2)
 328:             3            240  java.util.zip.ZipFile$Source (java.base@16.0.2)
 329:             5            232  [Ljava.lang.invoke.LambdaForm$NamedFunction; (java.base@16.0.2)
 330:             7            224  java.net.InetAddress$CachedLocalHost (java.base@16.0.2)
 331:            14            224  java.util.Collections$SingletonSet (java.base@16.0.2)
 332:             7            224  java.util.Collections$UnmodifiableMap (java.base@16.0.2)
 333:             2            224  sun.security.provider.HashDrbg (java.base@16.0.2)
 334:             9            216  com.sun.jmx.interceptor.DefaultMBeanServerInterceptor$ListenerWrapper (java.management@16.0.2)
 335:             9            216  sun.rmi.runtime.Log$LoggerLog (java.rmi@16.0.2)
 336:             9            216  sun.util.logging.PlatformLogger$Level (java.base@16.0.2)
 337:             2            208  java.lang.invoke.InnerClassLambdaMetafactory (java.base@16.0.2)
 338:            13            208  sun.util.logging.internal.LoggingProviderImpl$JULWrapper (java.logging@16.0.2)
 339:             5            200  java.lang.WeakPairMap$Pair$Weak (java.base@16.0.2)
 340:             5            200  java.net.Socket (java.base@16.0.2)
 341:             5            200  java.util.EnumMap (java.base@16.0.2)
 342:             5            200  java.util.stream.StreamOpFlag (java.base@16.0.2)
 343:             6            192  com.sun.jmx.mbeanserver.DefaultMXBeanMappingFactory$CollectionMapping (java.management@16.0.2)
 344:             4            192  java.lang.ThreadGroup (java.base@16.0.2)
 345:             6            192  java.lang.invoke.LambdaForm$BasicType (java.base@16.0.2)
 346:             8            192  java.math.RoundingMode (java.base@16.0.2)
 347:             8            192  java.net.NetPermission (java.base@16.0.2)
 348:             3            192  java.nio.DirectByteBufferR (java.base@16.0.2)
 349:             6            192  java.time.format.TextStyle (java.base@16.0.2)
 350:             6            192  java.util.ImmutableCollections$MapN (java.base@16.0.2)
 351:             8            192  java.util.LinkedList$Node (java.base@16.0.2)
 352:             6            192  java.util.RegularEnumSet (java.base@16.0.2)
 353:             6            192  java.util.concurrent.ConcurrentSkipListMap$KeyIterator (java.base@16.0.2)
 354:             4            192  java.util.concurrent.ThreadPoolExecutor$Worker (java.base@16.0.2)
 355:             8            192  jdk.internal.org.objectweb.asm.ByteVector (java.base@16.0.2)
 356:             6            192  sun.management.NotificationEmitterSupport$ListenerInfo (java.management@16.0.2)
 357:             4            192  sun.nio.cs.SingleByte$Decoder (java.base@16.0.2)
 358:             3            192  sun.nio.fs.WindowsFileAttributes (java.base@16.0.2)
 359:            11            176  java.util.concurrent.atomic.AtomicInteger (java.base@16.0.2)
 360:             1            168  [[Ljava.math.BigInteger; (java.base@16.0.2)
 361:             3            168  java.io.FileCleanable (java.base@16.0.2)
 362:             7            168  java.lang.System$Logger$Level (java.base@16.0.2)
 363:             7            168  java.security.Permissions (java.base@16.0.2)
 364:             7            168  java.time.DayOfWeek (java.base@16.0.2)
 365:             3            168  java.util.jar.JarFile (java.base@16.0.2)
 366:             3            168  javax.management.openmbean.OpenMBeanOperationInfoSupport (java.management@16.0.2)
 367:             7            168  sun.management.counter.Units (java.management@16.0.2)
 368:             3            168  sun.rmi.transport.Target (java.rmi@16.0.2)
 369:             3            168  sun.rmi.transport.tcp.TCPConnection (java.rmi@16.0.2)
 370:             5            160  [Ljava.lang.invoke.LambdaFormEditor$Transform; (java.base@16.0.2)
 371:             3            160  [Ljava.util.logging.Level; (java.logging@16.0.2)
 372:             4            160  java.io.BufferedInputStream (java.base@16.0.2)
 373:             5            160  java.io.BufferedOutputStream (java.base@16.0.2)
 374:             5            160  java.lang.StringCoding$StringEncoder (java.base@16.0.2)
 375:            10            160  java.lang.ThreadLocal (java.base@16.0.2)
 376:             5            160  java.lang.WeakPairMap$Pair$Weak$1 (java.base@16.0.2)
 377:             5            160  java.lang.invoke.SimpleMethodHandle (java.base@16.0.2)
 378:             5            160  java.lang.invoke.VarHandle$AccessType (java.base@16.0.2)
 379:             5            160  java.util.Collections$SynchronizedMap (java.base@16.0.2)
 380:             5            160  java.util.Vector (java.base@16.0.2)
 381:             5            160  javax.management.StandardEmitterMBean (java.management@16.0.2)
 382:            10            160  jdk.internal.logger.LazyLoggers$JdkLazyLogger (java.base@16.0.2)
 383:             4            160  jdk.internal.ref.Cleaner (java.base@16.0.2)
 384:             5            160  sun.util.locale.provider.LocaleProviderAdapter$Type (java.base@16.0.2)
 385:             5            160  sun.util.locale.provider.LocaleResources (java.base@16.0.2)
 386:             2            152  [[Ljava.lang.String; (java.base@16.0.2)
 387:             1            144  [Ljava.lang.invoke.VarHandle$AccessMode; (java.base@16.0.2)
 388:             6            144  [Ljava.security.ProtectionDomain; (java.base@16.0.2)
 389:             6            144  java.lang.Thread$State (java.base@16.0.2)
 390:             6            144  java.lang.ThreadLocal$ThreadLocalMap (java.base@16.0.2)
 391:             6            144  java.lang.invoke.VarForm (java.base@16.0.2)
 392:             6            144  java.net.InetAddress$NameServiceAddresses (java.base@16.0.2)
 393:             9            144  java.rmi.server.Operation (java.rmi@16.0.2)
 394:             3            144  java.time.temporal.JulianFields$Field (java.base@16.0.2)
 395:             1            144  java.util.Scanner (java.base@16.0.2)
 396:             6            144  java.util.concurrent.ConcurrentHashMap$KeySetView (java.base@16.0.2)
 397:             2            144  java.util.concurrent.ScheduledThreadPoolExecutor$ScheduledFutureTask (java.base@16.0.2)
 398:             3            144  javax.management.openmbean.TabularType (java.management@16.0.2)
 399:             3            144  jdk.internal.loader.URLClassPath$JarLoader (java.base@16.0.2)
 400:             6            144  jdk.internal.perf.PerfCounter (java.base@16.0.2)
 401:             6            144  jdk.net.ExtendedSocketOptions$ExtSocketOption (jdk.net@16.0.2)
 402:             3            144  sun.nio.cs.StreamEncoder (java.base@16.0.2)
 403:             3            144  sun.nio.cs.UTF_8$Encoder (java.base@16.0.2)
 404:             3            144  sun.rmi.transport.tcp.TCPChannel (java.rmi@16.0.2)
 405:             1            136  [Ljava.time.temporal.ChronoField; (java.base@16.0.2)
 406:             4            128  com.sun.jmx.mbeanserver.DefaultMXBeanMappingFactory$ArrayMapping (java.management@16.0.2)
 407:             4            128  java.io.File (java.base@16.0.2)
 408:             4            128  java.lang.Package (java.base@16.0.2)
 409:             4            128  java.lang.StringCoding$StringDecoder (java.base@16.0.2)
 410:             4            128  java.nio.DirectByteBuffer$Deallocator (java.base@16.0.2)
 411:             4            128  java.time.format.DateTimeFormatterBuilder$TextPrinterParser (java.base@16.0.2)
 412:             4            128  java.util.LinkedList (java.base@16.0.2)
 413:             4            128  java.util.stream.FindOps$FindOp (java.base@16.0.2)
 414:             2            128  java.util.zip.Inflater (java.base@16.0.2)
 415:             2            128  jdk.internal.org.objectweb.asm.SymbolTable (java.base@16.0.2)
 416:             4            128  sun.reflect.generics.reflectiveObjects.TypeVariableImpl (java.base@16.0.2)
 417:             4            128  sun.reflect.generics.repository.ClassRepository (java.base@16.0.2)
 418:             2            128  sun.security.provider.SHA2$SHA256 (java.base@16.0.2)
 419:             3            120  [Ljava.lang.invoke.LambdaForm$BasicType; (java.base@16.0.2)
 420:             5            120  [Ljava.lang.reflect.TypeVariable; (java.base@16.0.2)
 421:             5            120  java.lang.NamedPackage (java.base@16.0.2)
 422:             5            120  java.lang.StringCoding$Result (java.base@16.0.2)
 423:             5            120  java.lang.invoke.ConstantCallSite (java.base@16.0.2)
 424:             3            120  java.lang.invoke.MethodHandleImpl$IntrinsicMethodHandle (java.base@16.0.2)
 425:             3            120  java.lang.invoke.VarHandleInts$FieldInstanceReadWrite (java.base@16.0.2)
 426:             5            120  java.lang.module.ModuleDescriptor$Opens (java.base@16.0.2)
 427:             3            120  java.lang.reflect.ProxyGenerator$ProxyMethod (java.base@16.0.2)
 428:             5            120  java.time.format.SignStyle (java.base@16.0.2)
 429:             5            120  java.util.ArrayDeque (java.base@16.0.2)
 430:             5            120  java.util.BitSet (java.base@16.0.2)
 431:             5            120  java.util.stream.StreamOpFlag$Type (java.base@16.0.2)
 432:             5            120  jdk.internal.math.FloatingDecimal$PreparedASCIIToBinaryBuffer (java.base@16.0.2)
 433:             5            120  ru.job4j.tracker.model.Item
 434:             5            120  sun.nio.fs.WindowsPathType (java.base@16.0.2)
 435:             3            120  sun.rmi.transport.WeakRef (java.rmi@16.0.2)
 436:             3            120  sun.rmi.transport.tcp.TCPTransport$ConnectionHandler (java.rmi@16.0.2)
 437:             1            112  [Ljava.time.LocalTime; (java.base@16.0.2)
 438:             2            112  java.net.SocketPermission (java.base@16.0.2)
 439:             2            112  java.nio.DirectIntBufferRU (java.base@16.0.2)
 440:             2            112  java.util.concurrent.ConcurrentHashMap$ValueIterator (java.base@16.0.2)
 441:             2            104  [Lsun.util.logging.PlatformLogger$Level; (java.base@16.0.2)
 442:             1            104  jdk.internal.loader.ClassLoaders$AppClassLoader (java.base@16.0.2)
 443:             1            104  jdk.internal.loader.ClassLoaders$BootClassLoader (java.base@16.0.2)
 444:             1            104  jdk.internal.loader.ClassLoaders$PlatformClassLoader (java.base@16.0.2)
 445:             1            104  sun.security.jca.ProviderList$1 (java.base@16.0.2)
 446:             1            104  sun.security.provider.Sun (java.base@16.0.2)
 447:             2             96  [Ljava.lang.System$Logger$Level; (java.base@16.0.2)
 448:             2             96  [Ljava.lang.management.MemoryUsage; (java.management@16.0.2)
 449:             2             96  [Ljava.time.DayOfWeek; (java.base@16.0.2)
 450:             4             96  [Lsun.reflect.generics.tree.ClassTypeSignature; (java.base@16.0.2)
 451:             1             96  [Lsun.util.locale.BaseLocale; (java.base@16.0.2)
 452:             3             96  com.sun.jmx.mbeanserver.DefaultMXBeanMappingFactory$EnumMapping (java.management@16.0.2)
 453:             2             96  com.sun.management.internal.GarbageCollectorExtImpl (jdk.management@16.0.2)
 454:             3             96  java.io.RandomAccessFile (java.base@16.0.2)
 455:             3             96  java.lang.ClassValue$Entry (java.base@16.0.2)
 456:             3             96  java.lang.Runtime$Version (java.base@16.0.2)
 457:             4             96  java.lang.module.ModuleDescriptor$Modifier (java.base@16.0.2)
 458:             4             96  java.lang.module.ModuleDescriptor$Requires$Modifier (java.base@16.0.2)
 459:             4             96  java.net.Socket$SocketInputStream (java.base@16.0.2)
 460:             4             96  java.time.Instant (java.base@16.0.2)
 461:             4             96  java.time.format.DateTimeFormatterBuilder$OffsetIdPrinterParser (java.base@16.0.2)
 462:             4             96  java.time.format.DateTimeFormatterBuilder$SettingsParser (java.base@16.0.2)
 463:             4             96  java.time.format.DateTimeTextProvider$LocaleStore (java.base@16.0.2)
 464:             6             96  java.util.IdentityHashMap$KeySet (java.base@16.0.2)
 465:             4             96  java.util.regex.Pattern$CharPropertyGreedy (java.base@16.0.2)
 466:             4             96  java.util.regex.Pattern$Qtype (java.base@16.0.2)
 467:             4             96  java.util.stream.StreamShape (java.base@16.0.2)
 468:             3             96  java.util.zip.ZipFile$CleanableResource (java.base@16.0.2)
 469:             3             96  javax.management.MBeanConstructorInfo (java.management@16.0.2)
 470:             1             96  jdk.internal.jimage.ImageReader$SharedImageReader (java.base@16.0.2)
 471:             4             96  jdk.internal.loader.AbstractClassLoaderValue$Sub (java.base@16.0.2)
 472:             6             96  jdk.internal.loader.ClassLoaderValue (java.base@16.0.2)
 473:             4             96  jdk.internal.logger.BootstrapLogger$LoggingBackend (java.base@16.0.2)
 474:             2             96  jdk.internal.org.objectweb.asm.ClassReader (java.base@16.0.2)
 475:             3             96  sun.net.spi.DefaultProxySelector$NonProxyInfo (java.base@16.0.2)
 476:             4             96  sun.nio.ch.Util$BufferCache (java.base@16.0.2)
 477:             2             96  sun.nio.cs.StreamDecoder (java.base@16.0.2)
 478:             3             96  sun.nio.fs.NativeBuffer (java.base@16.0.2)
 479:             4             96  sun.reflect.annotation.AnnotationInvocationHandler (java.base@16.0.2)
 480:             4             96  sun.reflect.generics.tree.ClassSignature (java.base@16.0.2)
 481:             4             96  sun.reflect.generics.tree.FormalTypeParameter (java.base@16.0.2)
 482:             3             96  sun.rmi.transport.LiveRef (java.rmi@16.0.2)
 483:             3             88  [Ljava.rmi.server.Operation; (java.rmi@16.0.2)
 484:             2             88  [Lsun.security.jca.ProviderConfig; (java.base@16.0.2)
 485:             1             88  com.sun.jmx.remote.util.ClassLoaderWithRepository (java.management@16.0.2)
 486:             1             88  javax.management.remote.rmi.RMIConnectionImpl$CombinedClassLoader (java.management.rmi@16.0.2)
 487:             1             88  sun.reflect.misc.MethodUtil (java.base@16.0.2)
 488:             2             80  [F (java.base@16.0.2)
 489:             2             80  [Ljava.lang.OutOfMemoryError; (java.base@16.0.2)
 490:             1             80  [Ljava.time.temporal.ChronoUnit; (java.base@16.0.2)
 491:             1             80  [Ljava.util.concurrent.RunnableScheduledFuture; (java.base@16.0.2)
 492:             5             80  [Ljava.util.regex.IntHashSet; (java.base@16.0.2)
 493:             2             80  [Ljava.util.stream.StreamOpFlag$Type; (java.base@16.0.2)
 494:             2             80  com.sun.jmx.mbeanserver.DefaultMXBeanMappingFactory$TabularMapping (java.management@16.0.2)
 495:             2             80  java.io.BufferedWriter (java.base@16.0.2)
 496:             2             80  java.io.PrintStream (java.base@16.0.2)
 497:             5             80  java.lang.Byte (java.base@16.0.2)
 498:             2             80  java.lang.ModuleLayer (java.base@16.0.2)
 499:             2             80  java.lang.invoke.BoundMethodHandle$Species_LLL (java.base@16.0.2)
 500:             2             80  java.lang.module.Configuration (java.base@16.0.2)
 501:             2             80  java.util.Collections$SingletonMap (java.base@16.0.2)
 502:             2             80  java.util.HashMap$EntryIterator (java.base@16.0.2)
 503:             2             80  java.util.Locale$Category (java.base@16.0.2)
 504:             2             80  javax.management.remote.rmi.RMIConnectionImpl$4 (java.management.rmi@16.0.2)
 505:             1             80  javax.management.remote.rmi.RMIConnectionImpl$CombinedClassLoader$ClassLoaderWrapper (java.management.rmi@16.0.2)
 506:             2             80  jdk.internal.math.FloatingDecimal$BinaryToASCIIBuffer (java.base@16.0.2)
 507:             2             80  sun.management.MemoryManagerImpl (java.management@16.0.2)
 508:             5             80  sun.nio.ch.NioSocketImpl$$Lambda$21/0x0000000800c4bd90 (java.base@16.0.2)
 509:             1             80  sun.util.cldr.CLDRLocaleProviderAdapter (java.base@16.0.2)
 510:             1             80  sun.util.locale.provider.JRELocaleProviderAdapter (java.base@16.0.2)
 511:             3             72  [Ljava.lang.invoke.MethodHandles$Lookup$ClassOption; (java.base@16.0.2)
 512:             1             72  [Ljavax.management.openmbean.SimpleType; (java.management@16.0.2)
 513:             1             72  [Ljdk.jfr.internal.LogTag; (jdk.jfr@16.0.2)
 514:             3             72  java.io.ObjectInputFilter$Status (java.base@16.0.2)
 515:             3             72  java.io.OutputStreamWriter (java.base@16.0.2)
 516:             3             72  java.lang.StackWalker$Option (java.base@16.0.2)
 517:             3             72  java.lang.WeakPairMap (java.base@16.0.2)
 518:             3             72  java.lang.annotation.RetentionPolicy (java.base@16.0.2)
 519:             3             72  java.net.Proxy$Type (java.base@16.0.2)
 520:             3             72  java.net.Socket$SocketOutputStream (java.base@16.0.2)
 521:             3             72  java.net.StandardProtocolFamily (java.base@16.0.2)
 522:             3             72  java.security.BasicPermissionCollection (java.base@16.0.2)
 523:             3             72  java.security.DrbgParameters$Capability (java.base@16.0.2)
 524:             3             72  java.security.SecurityPermission (java.base@16.0.2)
 525:             3             72  java.time.format.ResolverStyle (java.base@16.0.2)
 526:             1             72  java.util.concurrent.ScheduledThreadPoolExecutor (java.base@16.0.2)
 527:             1             72  java.util.concurrent.ThreadPoolExecutor (java.base@16.0.2)
 528:             3             72  java.util.concurrent.atomic.AtomicMarkableReference$Pair (java.base@16.0.2)
 529:             3             72  java.util.concurrent.locks.AbstractQueuedSynchronizer$ConditionObject (java.base@16.0.2)
 530:             1             72  java.util.regex.Matcher (java.base@16.0.2)
 531:             3             72  java.util.stream.Collector$Characteristics (java.base@16.0.2)
 532:             3             72  java.util.zip.ZipFile$Source$Key (java.base@16.0.2)
 533:             3             72  javax.management.NotificationBroadcasterSupport$ListenerInfo (java.management@16.0.2)
 534:             3             72  jdk.internal.math.FloatingDecimal$ExceptionalBinaryToASCIIBuffer (java.base@16.0.2)
 535:             3             72  jdk.jfr.internal.SecuritySupport$SafePath (jdk.jfr@16.0.2)
 536:             3             72  sun.management.ManagementFactoryHelper$1 (java.management@16.0.2)
 537:             3             72  sun.nio.fs.NativeBuffer$Deallocator (java.base@16.0.2)
 538:             3             72  sun.reflect.generics.parser.SignatureParser (java.base@16.0.2)
 539:             3             72  sun.reflect.generics.scope.ClassScope (java.base@16.0.2)
 540:             3             72  sun.reflect.generics.visitor.Reifier (java.base@16.0.2)
 541:             3             72  sun.security.util.LazyCodeSourcePermissionCollection (java.base@16.0.2)
 542:             3             72  sun.util.resources.ParallelListResourceBundle$KeySet (java.base@16.0.2)
 543:             2             64  [Ljava.lang.StackWalker$Option; (java.base@16.0.2)
 544:             2             64  [Ljava.lang.annotation.RetentionPolicy; (java.base@16.0.2)
 545:             1             64  [Ljava.lang.invoke.MethodHandleImpl$Intrinsic; (java.base@16.0.2)
 546:             2             64  [Ljava.nio.charset.CoderResult; (java.base@16.0.2)
 547:             2             64  [Ljava.util.stream.Collector$Characteristics; (java.base@16.0.2)
 548:             2             64  [Lsun.nio.fs.NativeBuffer; (java.base@16.0.2)
 549:             1             64  com.sun.jmx.remote.internal.ArrayNotificationBuffer (java.management@16.0.2)
 550:             2             64  com.sun.management.internal.GcInfoCompositeData (jdk.management@16.0.2)
 551:             2             64  java.io.FileOutputStream (java.base@16.0.2)
 552:             2             64  java.lang.StackWalker (java.base@16.0.2)
 553:             1             64  java.lang.invoke.BoundMethodHandle$Species_LLLLLLLLL (java.base@16.0.2)
 554:             2             64  java.lang.invoke.MethodHandles$Lookup$ClassDefiner (java.base@16.0.2)
 555:             2             64  java.lang.ref.ReferenceQueue$Null (java.base@16.0.2)
 556:             1             64  java.net.SocksSocketImpl (java.base@16.0.2)
 557:             2             64  java.security.MessageDigest$Delegate$CloneableDelegate (java.base@16.0.2)
 558:             4             64  java.security.SecureClassLoader$CodeSourceKey (java.base@16.0.2)
 559:             1             64  java.security.SecureRandom (java.base@16.0.2)
 560:             2             64  java.time.temporal.IsoFields$Unit (java.base@16.0.2)
 561:             2             64  java.util.PropertyPermission (java.base@16.0.2)
 562:             4             64  java.util.WeakHashMap$KeySet (java.base@16.0.2)
 563:             4             64  java.util.concurrent.ConcurrentHashMap$ValuesView (java.base@16.0.2)
 564:             1             64  java.util.logging.LogManager$RootLogger (java.logging@16.0.2)
 565:             2             64  java.util.regex.Matcher$ImmutableMatchResult (java.base@16.0.2)
 566:             2             64  java.util.regex.Pattern$Branch (java.base@16.0.2)
 567:             1             64  java.util.stream.ReferencePipeline$3 (java.base@16.0.2)
 568:             1             64  javax.management.remote.rmi.RMIConnectionImpl (java.management.rmi@16.0.2)
 569:             1             64  javax.management.remote.rmi.RMIConnectorServer (java.management.rmi@16.0.2)
 570:             1             64  javax.management.remote.rmi.RMIJRMPServerImpl (java.management.rmi@16.0.2)
 571:             4             64  jdk.internal.module.ServicesCatalog (java.base@16.0.2)
 572:             2             64  jdk.internal.reflect.UnsafeQualifiedObjectFieldAccessorImpl (java.base@16.0.2)
 573:             4             64  jdk.proxy1.$Proxy1 (jdk.proxy1)
 574:             4             64  sun.nio.ch.NioSocketImpl$1 (java.base@16.0.2)
 575:             2             64  sun.reflect.annotation.AnnotationType (java.base@16.0.2)
 576:             2             64  sun.rmi.server.UnicastServerRef2 (java.rmi@16.0.2)
 577:             2             64  sun.rmi.transport.tcp.TCPTransport (java.rmi@16.0.2)
 578:             1             56  [Ljava.lang.Runnable; (java.base@16.0.2)
 579:             1             56  [Ljava.nio.file.StandardOpenOption; (java.base@16.0.2)
 580:             1             56  [[I (java.base@16.0.2)
 581:             1             56  com.sun.jmx.remote.internal.ServerNotifForwarder (java.management@16.0.2)
 582:             1             56  com.sun.management.GcInfo (jdk.management@16.0.2)
 583:             1             56  java.io.ObjectInputFilter$Config$Global (java.base@16.0.2)
 584:             1             56  java.lang.invoke.BoundMethodHandle$Specializer (java.base@16.0.2)
 585:             1             56  java.lang.invoke.BoundMethodHandle$Species_LLLLLL (java.base@16.0.2)
 586:             1             56  java.util.logging.LogManager (java.logging@16.0.2)
 587:             1             56  java.util.stream.ReferencePipeline$Head (java.base@16.0.2)
 588:             3             48  [Ljava.lang.StackTraceElement; (java.base@16.0.2)
 589:             3             48  [Ljava.lang.annotation.Annotation; (java.base@16.0.2)
 590:             1             48  [Ljava.lang.management.MemoryPoolMXBean; (java.management@16.0.2)
 591:             1             48  [Ljava.math.RoundingMode; (java.base@16.0.2)
 592:             1             48  [Ljava.util.concurrent.TimeUnit; (java.base@16.0.2)
 593:             2             48  [Ljava.util.regex.Pattern$Node; (java.base@16.0.2)
 594:             1             48  [Lsun.management.counter.Units; (java.management@16.0.2)
 595:             1             48  [[Ljava.lang.Object; (java.base@16.0.2)
 596:             2             48  com.sun.jmx.mbeanserver.ClassLoaderRepositorySupport$LoaderEntry (java.management@16.0.2)
 597:             1             48  com.sun.jmx.mbeanserver.DefaultMXBeanMappingFactory$Mappings (java.management@16.0.2)
 598:             1             48  com.sun.jmx.mbeanserver.MBeanIntrospector$MBeanInfoMap (java.management@16.0.2)
 599:             1             48  com.sun.jmx.mbeanserver.MBeanIntrospector$PerInterfaceMap (java.management@16.0.2)
 600:             2             48  com.sun.jmx.mbeanserver.WeakIdentityHashMap (java.management@16.0.2)
 601:             2             48  com.sun.jmx.remote.internal.ServerNotifForwarder$IdAndFilter (java.management@16.0.2)
 602:             2             48  com.sun.management.internal.GarbageCollectionNotifInfoCompositeData (jdk.management@16.0.2)
 603:             1             48  com.sun.management.internal.GcInfoBuilder (jdk.management@16.0.2)
 604:             1             48  java.io.BufferedReader (java.base@16.0.2)
 605:             2             48  java.io.File$PathStatus (java.base@16.0.2)
 606:             2             48  java.io.InputStreamReader (java.base@16.0.2)
 607:             2             48  java.lang.ClassValue$Version (java.base@16.0.2)
 608:             1             48  java.lang.NullPointerException (java.base@16.0.2)
 609:             2             48  java.lang.PublicMethods$MethodList (java.base@16.0.2)
 610:             1             48  java.lang.invoke.BoundMethodHandle$Specializer$Factory (java.base@16.0.2)
 611:             2             48  java.lang.invoke.InfoFromMemberName (java.base@16.0.2)
 612:             2             48  java.lang.invoke.InnerClassLambdaMetafactory$1 (java.base@16.0.2)
 613:             2             48  java.lang.invoke.InnerClassLambdaMetafactory$ForwardingMethodGenerator (java.base@16.0.2)
 614:             2             48  java.lang.invoke.MethodHandles$Lookup$ClassFile (java.base@16.0.2)
 615:             2             48  java.lang.invoke.MethodHandles$Lookup$ClassOption (java.base@16.0.2)
 616:             2             48  java.lang.management.MemoryType (java.management@16.0.2)
 617:             2             48  java.lang.reflect.ReflectPermission (java.base@16.0.2)
 618:             3             48  java.nio.charset.CodingErrorAction (java.base@16.0.2)
 619:             2             48  java.rmi.dgc.VMID (java.rmi@16.0.2)
 620:             2             48  java.time.Clock$SystemClock (java.base@16.0.2)
 621:             2             48  java.time.format.DateTimeFormatterBuilder$1 (java.base@16.0.2)
 622:             2             48  java.time.format.DateTimeFormatterBuilder$ZoneIdPrinterParser (java.base@16.0.2)
 623:             2             48  java.util.Collections$UnmodifiableMap$UnmodifiableEntrySet$1 (java.base@16.0.2)
 624:             2             48  java.util.ImmutableCollections$Set12$1 (java.base@16.0.2)
 625:             3             48  java.util.LinkedHashMap$LinkedKeySet (java.base@16.0.2)
 626:             3             48  java.util.LinkedHashMap$LinkedValues (java.base@16.0.2)
 627:             3             48  java.util.ResourceBundle$NoFallbackControl (java.base@16.0.2)
 628:             3             48  java.util.concurrent.ConcurrentHashMap$EntrySetView (java.base@16.0.2)
 629:             1             48  java.util.concurrent.ConcurrentSkipListMap (java.base@16.0.2)
 630:             2             48  java.util.concurrent.ConcurrentSkipListMap$Index (java.base@16.0.2)
 631:             3             48  java.util.concurrent.atomic.AtomicMarkableReference (java.base@16.0.2)
 632:             1             48  java.util.concurrent.locks.ReentrantReadWriteLock$FairSync (java.base@16.0.2)
 633:             2             48  java.util.logging.Logger$LoggerBundle (java.logging@16.0.2)
 634:             2             48  java.util.logging.LoggingPermission (java.logging@16.0.2)
 635:             2             48  java.util.regex.Pattern$BmpCharPredicate$$Lambda$22/0x80000002c (java.base@16.0.2)
 636:             2             48  java.util.regex.Pattern$Start (java.base@16.0.2)
 637:             2             48  java.util.regex.Pattern$StartS (java.base@16.0.2)
 638:             2             48  java.util.zip.Inflater$InflaterZStreamRef (java.base@16.0.2)
 639:             1             48  javax.management.Notification (java.management@16.0.2)
 640:             2             48  javax.management.NotificationBroadcasterSupport (java.management@16.0.2)
 641:             2             48  javax.management.openmbean.TabularDataSupport (java.management@16.0.2)
 642:             1             48  javax.management.remote.rmi.RMIConnectionImpl$RMIServerCommunicatorAdmin (java.management.rmi@16.0.2)
 643:             1             48  jdk.internal.jimage.ImageHeader (java.base@16.0.2)
 644:             2             48  jdk.internal.misc.Signal (java.base@16.0.2)
 645:             2             48  jdk.internal.misc.Signal$NativeHandler (java.base@16.0.2)
 646:             1             48  jdk.management.jfr.FlightRecorderMXBeanImpl (jdk.management.jfr@16.0.2)
 647:             3             48  sun.nio.ch.NioSocketImpl$2 (java.base@16.0.2)
 648:             2             48  sun.reflect.generics.tree.Wildcard (java.base@16.0.2)
 649:             1             48  sun.rmi.runtime.Log$InternalStreamHandler (java.rmi@16.0.2)
 650:             3             48  sun.rmi.transport.tcp.TCPTransport$ConnectionHandler$$Lambda$119/0x0000000800c964b0 (java.rmi@16.0.2)
 651:             2             48  sun.security.jca.ProviderList (java.base@16.0.2)
 652:             2             48  sun.security.jca.ProviderList$3 (java.base@16.0.2)
 653:             1             48  sun.security.provider.MoreDrbgParameters (java.base@16.0.2)
 654:             1             48  sun.text.resources.FormatData (java.base@16.0.2)
 655:             1             48  sun.text.resources.JavaTimeSupplementary (java.base@16.0.2)
 656:             1             48  sun.text.resources.ext.FormatData_ru (jdk.localedata@16.0.2)
 657:             1             48  sun.text.resources.ext.FormatData_ru_RU (jdk.localedata@16.0.2)
 658:             1             48  sun.text.resources.ext.JavaTimeSupplementary_ru (jdk.localedata@16.0.2)
 659:             2             48  sun.util.locale.provider.LocaleServiceProviderPool (java.base@16.0.2)
 660:             1             48  sun.util.resources.TimeZoneNames (java.base@16.0.2)
 661:             1             48  sun.util.resources.TimeZoneNames_en (java.base@16.0.2)
 662:             1             48  sun.util.resources.cldr.TimeZoneNames (java.base@16.0.2)
 663:             1             48  sun.util.resources.cldr.TimeZoneNames_en (java.base@16.0.2)
 664:             2             40  [Lcom.sun.jmx.mbeanserver.ClassLoaderRepositorySupport$LoaderEntry; (java.management@16.0.2)
 665:             1             40  [Ljava.lang.Thread$State; (java.base@16.0.2)
 666:             1             40  [Ljava.lang.invoke.VarHandle$AccessType; (java.base@16.0.2)
 667:             2             40  [Ljava.net.URL; (java.base@16.0.2)
 668:             1             40  [Ljava.time.format.SignStyle; (java.base@16.0.2)
 669:             1             40  [Ljava.time.format.TextStyle; (java.base@16.0.2)
 670:             1             40  [Ljava.util.stream.StreamOpFlag; (java.base@16.0.2)
 671:             1             40  [Lsun.nio.fs.WindowsPathType; (java.base@16.0.2)
 672:             1             40  [Lsun.util.locale.provider.LocaleProviderAdapter$Type; (java.base@16.0.2)
 673:             1             40  [[Ljava.lang.invoke.LambdaForm$Name; (java.base@16.0.2)
 674:             1             40  com.sun.jmx.interceptor.DefaultMBeanServerInterceptor (java.management@16.0.2)
 675:             1             40  com.sun.jmx.mbeanserver.JmxMBeanServer (java.management@16.0.2)
 676:             1             40  com.sun.jmx.mbeanserver.MBeanServerDelegateImpl (java.management@16.0.2)
 677:             1             40  com.sun.management.internal.DiagnosticCommandImpl (jdk.management@16.0.2)
 678:             1             40  java.io.FilePermission (java.base@16.0.2)
 679:             1             40  java.lang.ArithmeticException (java.base@16.0.2)
 680:             1             40  java.lang.Exception (java.base@16.0.2)
 681:             1             40  java.lang.NoSuchFieldException (java.base@16.0.2)
 682:             1             40  java.lang.Package$VersionInfo (java.base@16.0.2)
 683:             1             40  java.lang.VirtualMachineError (java.base@16.0.2)
 684:             1             40  java.lang.invoke.VarHandleLongs$FieldInstanceReadWrite (java.base@16.0.2)
 685:             1             40  java.time.format.DateTimeFormatterBuilder (java.base@16.0.2)
 686:             1             40  java.time.format.DateTimeFormatterBuilder$FractionPrinterParser (java.base@16.0.2)
 687:             1             40  java.time.zone.ZoneRules (java.base@16.0.2)
 688:             1             40  java.util.ResourceBundle$2 (java.base@16.0.2)
 689:             1             40  jdk.internal.loader.NativeLibraries$2 (java.base@16.0.2)
 690:             1             40  jdk.internal.loader.URLClassPath (java.base@16.0.2)
 691:             1             40  jdk.internal.ref.CleanerImpl$CleanerCleanable (java.base@16.0.2)
 692:             1             40  sun.management.MappedMXBeanType$CompositeDataMXBeanType (java.management@16.0.2)
 693:             1             40  sun.management.MappedMXBeanType$MapMXBeanType (java.management@16.0.2)
 694:             1             40  sun.nio.cs.StandardCharsets$Aliases (java.base@16.0.2)
 695:             1             40  sun.nio.cs.StandardCharsets$Cache (java.base@16.0.2)
 696:             1             40  sun.nio.cs.StandardCharsets$Classes (java.base@16.0.2)
 697:             1             40  sun.nio.cs.US_ASCII$Decoder (java.base@16.0.2)
 698:             1             40  sun.nio.cs.UTF_8$Decoder (java.base@16.0.2)
 699:             1             40  sun.text.resources.cldr.FormatData (java.base@16.0.2)
 700:             1             40  sun.text.resources.cldr.ext.FormatData_ru (jdk.localedata@16.0.2)
 701:             1             40  sun.util.locale.InternalLocaleBuilder (java.base@16.0.2)
 702:             1             40  sun.util.resources.Bundles$1 (java.base@16.0.2)
 703:             1             32  [Ljava.io.ObjectInputFilter$Status; (java.base@16.0.2)
 704:             1             32  [Ljava.lang.ThreadGroup; (java.base@16.0.2)
 705:             1             32  [Ljava.lang.management.MemoryManagerMXBean; (java.management@16.0.2)
 706:             1             32  [Ljava.lang.module.ModuleDescriptor$Modifier; (java.base@16.0.2)
 707:             1             32  [Ljava.lang.module.ModuleDescriptor$Requires$Modifier; (java.base@16.0.2)
 708:             1             32  [Ljava.net.Proxy$Type; (java.base@16.0.2)
 709:             1             32  [Ljava.net.StandardProtocolFamily; (java.base@16.0.2)
 710:             1             32  [Ljava.security.DrbgParameters$Capability; (java.base@16.0.2)
 711:             1             32  [Ljava.time.format.DateTimeFormatterBuilder$SettingsParser; (java.base@16.0.2)
 712:             1             32  [Ljava.time.format.ResolverStyle; (java.base@16.0.2)
 713:             1             32  [Ljava.time.temporal.IsoFields$Field; (java.base@16.0.2)
 714:             1             32  [Ljava.time.temporal.JulianFields$Field; (java.base@16.0.2)
 715:             1             32  [Ljava.util.regex.Pattern$Qtype; (java.base@16.0.2)
 716:             1             32  [Ljava.util.stream.StreamShape; (java.base@16.0.2)
 717:             1             32  [Ljdk.internal.logger.BootstrapLogger$LoggingBackend; (java.base@16.0.2)
 718:             1             32  [Ljdk.internal.module.ServicesCatalog; (java.base@16.0.2)
 719:             2             32  com.sun.jmx.mbeanserver.GetPropertyAction (java.management@16.0.2)
 720:             1             32  com.sun.jmx.mbeanserver.Repository (java.management@16.0.2)
 721:             1             32  com.sun.jmx.remote.internal.ArrayQueue (java.management@16.0.2)
 722:             1             32  com.sun.management.GarbageCollectionNotificationInfo (jdk.management@16.0.2)
 723:             1             32  java.io.FileInputStream (java.base@16.0.2)
 724:             1             32  java.io.WinNTFileSystem (java.base@16.0.2)
 725:             2             32  java.lang.Boolean (java.base@16.0.2)
 726:             2             32  java.lang.ClassValue$Identity (java.base@16.0.2)
 727:             1             32  java.lang.Module$ArchivedData (java.base@16.0.2)
 728:             2             32  java.lang.Shutdown$Lock (java.base@16.0.2)
 729:             1             32  java.lang.module.ModuleDescriptor$Version (java.base@16.0.2)
 730:             2             32  java.nio.ByteOrder (java.base@16.0.2)
 731:             2             32  java.time.format.DateTimeFormatterBuilder$StringLiteralPrinterParser (java.base@16.0.2)
 732:             2             32  java.util.Collections$UnmodifiableMap$UnmodifiableEntrySet (java.base@16.0.2)
 733:             2             32  java.util.LinkedHashMap$LinkedEntrySet (java.base@16.0.2)
 734:             2             32  java.util.Optional (java.base@16.0.2)
 735:             2             32  java.util.ResourceBundle$SingleFormatControl (java.base@16.0.2)
 736:             1             32  java.util.Spliterators$ArraySpliterator (java.base@16.0.2)
 737:             2             32  java.util.TreeSet (java.base@16.0.2)
 738:             1             32  java.util.concurrent.ScheduledThreadPoolExecutor$DelayedWorkQueue (java.base@16.0.2)
 739:             1             32  java.util.concurrent.SynchronousQueue (java.base@16.0.2)
 740:             1             32  java.util.concurrent.ThreadLocalRandom (java.base@16.0.2)
 741:             1             32  java.util.concurrent.atomic.LongAdder (java.base@16.0.2)
 742:             1             32  java.util.concurrent.locks.AbstractQueuedSynchronizer$ConditionNode (java.base@16.0.2)
 743:             1             32  java.util.logging.LogManager$SystemLoggerContext (java.logging@16.0.2)
 744:             2             32  java.util.regex.Pattern$$Lambda$19/0x800000026 (java.base@16.0.2)
 745:             2             32  java.util.regex.Pattern$BranchConn (java.base@16.0.2)
 746:             1             32  java.util.zip.ZipCoder$UTF8ZipCoder (java.base@16.0.2)
 747:             2             32  javax.management.NotificationFilterSupport (java.management@16.0.2)
 748:             1             32  javax.management.remote.JMXServiceURL (java.management@16.0.2)
 749:             1             32  javax.management.remote.NotificationResult (java.management@16.0.2)
 750:             1             32  jdk.internal.loader.ArchivedClassLoaders (java.base@16.0.2)
 751:             2             32  jdk.internal.module.ModuleResolution (java.base@16.0.2)
 752:             1             32  jdk.internal.org.objectweb.asm.ConstantDynamic (java.base@16.0.2)
 753:             1             32  jdk.internal.org.objectweb.asm.Handle (java.base@16.0.2)
 754:             1             32  jdk.management.jfr.FlightRecorderMXBeanImpl$MXBeanListener (jdk.management.jfr@16.0.2)
 755:             1             32  jdk.net.ExtendedSocketOptions$1 (jdk.net@16.0.2)
 756:             1             32  sun.instrument.InstrumentationImpl (java.instrument@16.0.2)
 757:             1             32  sun.management.MappedMXBeanType$InProgress (java.management@16.0.2)
 758:             1             32  sun.management.jmxremote.LocalRMIServerSocketFactory$1 (jdk.management.agent@16.0.2)
 759:             2             32  sun.rmi.server.UnicastRef2 (java.rmi@16.0.2)
 760:             1             32  sun.rmi.server.UnicastServerRef (java.rmi@16.0.2)
 761:             2             32  sun.rmi.server.WeakClassHashMap$ValueCell (java.rmi@16.0.2)
 762:             1             32  sun.rmi.transport.DGCImpl$LeaseInfo (java.rmi@16.0.2)
 763:             1             32  sun.rmi.transport.tcp.TCPTransport$AcceptLoop (java.rmi@16.0.2)
 764:             1             32  sun.security.util.KnownOIDs$1 (java.base@16.0.2)
 765:             1             32  sun.security.util.KnownOIDs$10 (java.base@16.0.2)
 766:             1             32  sun.security.util.KnownOIDs$2 (java.base@16.0.2)
 767:             1             32  sun.security.util.KnownOIDs$3 (java.base@16.0.2)
 768:             1             32  sun.security.util.KnownOIDs$4 (java.base@16.0.2)
 769:             1             32  sun.security.util.KnownOIDs$5 (java.base@16.0.2)
 770:             1             32  sun.security.util.KnownOIDs$6 (java.base@16.0.2)
 771:             1             32  sun.security.util.KnownOIDs$7 (java.base@16.0.2)
 772:             1             32  sun.security.util.KnownOIDs$8 (java.base@16.0.2)
 773:             1             32  sun.security.util.KnownOIDs$9 (java.base@16.0.2)
 774:             2             32  sun.util.resources.LocaleData (java.base@16.0.2)
 775:             1             24  [Ljava.io.File$PathStatus; (java.base@16.0.2)
 776:             1             24  [Ljava.lang.ClassValue$Entry; (java.base@16.0.2)
 777:             1             24  [Ljava.lang.management.MemoryType; (java.management@16.0.2)
 778:             1             24  [Ljava.net.InetSocketAddress; (java.base@16.0.2)
 779:             1             24  [Ljava.security.Permission; (java.base@16.0.2)
 780:             1             24  [Ljava.time.temporal.IsoFields$Unit; (java.base@16.0.2)
 781:             1             24  [Ljava.util.Locale$Category; (java.base@16.0.2)
 782:             1             24  [Ljava.util.jar.Manifest; (java.base@16.0.2)
 783:             1             24  com.sun.jmx.mbeanserver.ClassLoaderRepositorySupport (java.management@16.0.2)
 784:             1             24  com.sun.jmx.mbeanserver.MXBeanLookup (java.management@16.0.2)
 785:             1             24  com.sun.jmx.remote.internal.ArrayNotificationBuffer$NamedNotification (java.management@16.0.2)
 786:             1             24  com.sun.jmx.remote.internal.ArrayNotificationBuffer$ShareBuffer (java.management@16.0.2)
 787:             1             24  com.sun.management.internal.HotSpotThreadImpl (jdk.management@16.0.2)
 788:             1             24  com.sun.management.internal.OperatingSystemImpl (jdk.management@16.0.2)
 789:             1             24  com.sun.management.internal.PlatformMBeanProviderImpl$1 (jdk.management@16.0.2)
 790:             1             24  com.sun.management.internal.PlatformMBeanProviderImpl$2 (jdk.management@16.0.2)
 791:             1             24  com.sun.management.internal.PlatformMBeanProviderImpl$3 (jdk.management@16.0.2)
 792:             1             24  com.sun.management.internal.PlatformMBeanProviderImpl$4 (jdk.management@16.0.2)
 793:             1             24  com.sun.management.internal.PlatformMBeanProviderImpl$5 (jdk.management@16.0.2)
 794:             1             24  java.lang.Double (java.base@16.0.2)
 795:             1             24  java.lang.invoke.MethodType$ConcurrentWeakInternSet (java.base@16.0.2)
 796:             1             24  java.lang.invoke.VarHandles$1 (java.base@16.0.2)
 797:             1             24  java.lang.management.DefaultPlatformMBeanProvider$1 (java.management@16.0.2)
 798:             1             24  java.lang.management.DefaultPlatformMBeanProvider$10 (java.management@16.0.2)
 799:             1             24  java.lang.management.DefaultPlatformMBeanProvider$11 (java.management@16.0.2)
 800:             1             24  java.lang.management.DefaultPlatformMBeanProvider$2 (java.management@16.0.2)
 801:             1             24  java.lang.management.DefaultPlatformMBeanProvider$3 (java.management@16.0.2)
 802:             1             24  java.lang.management.DefaultPlatformMBeanProvider$4 (java.management@16.0.2)
 803:             1             24  java.lang.management.DefaultPlatformMBeanProvider$5 (java.management@16.0.2)
 804:             1             24  java.lang.management.DefaultPlatformMBeanProvider$6 (java.management@16.0.2)
 805:             1             24  java.lang.management.DefaultPlatformMBeanProvider$7 (java.management@16.0.2)
 806:             1             24  java.lang.management.DefaultPlatformMBeanProvider$8 (java.management@16.0.2)
 807:             1             24  java.lang.management.DefaultPlatformMBeanProvider$9 (java.management@16.0.2)
 808:             1             24  java.lang.reflect.Proxy$1 (java.base@16.0.2)
 809:             1             24  java.net.Inet6AddressImpl (java.base@16.0.2)
 810:             1             24  java.net.Proxy (java.base@16.0.2)
 811:             1             24  java.net.SocketPermissionCollection (java.base@16.0.2)
 812:             1             24  java.time.ZoneRegion (java.base@16.0.2)
 813:             1             24  java.time.format.DateTimePrintContext (java.base@16.0.2)
 814:             1             24  java.time.format.DecimalStyle (java.base@16.0.2)
 815:             1             24  java.time.temporal.IsoFields$Field$1 (java.base@16.0.2)
 816:             1             24  java.time.temporal.IsoFields$Field$2 (java.base@16.0.2)
 817:             1             24  java.time.temporal.IsoFields$Field$3 (java.base@16.0.2)
 818:             1             24  java.time.temporal.IsoFields$Field$4 (java.base@16.0.2)
 819:             1             24  java.time.zone.TzdbZoneRulesProvider (java.base@16.0.2)
 820:             1             24  java.util.Collections$EmptyMap (java.base@16.0.2)
 821:             1             24  java.util.Collections$SynchronizedCollection (java.base@16.0.2)
 822:             1             24  java.util.Locale$Cache (java.base@16.0.2)
 823:             1             24  java.util.OptionalInt (java.base@16.0.2)
 824:             1             24  java.util.ResourceBundle$Control$CandidateListCache (java.base@16.0.2)
 825:             1             24  java.util.Scanner$PatternLRUCache (java.base@16.0.2)
 826:             1             24  java.util.concurrent.Executors$RunnableAdapter (java.base@16.0.2)
 827:             1             24  java.util.concurrent.locks.ReentrantReadWriteLock (java.base@16.0.2)
 828:             1             24  java.util.concurrent.locks.ReentrantReadWriteLock$Sync$HoldCounter (java.base@16.0.2)
 829:             1             24  java.util.jar.Manifest (java.base@16.0.2)
 830:             1             24  java.util.logging.LogManager$LoggerContext (java.logging@16.0.2)
 831:             1             24  java.util.regex.Pattern$$Lambda$21/0x80000002b (java.base@16.0.2)
 832:             1             24  java.util.regex.Pattern$BmpCharProperty (java.base@16.0.2)
 833:             1             24  java.util.regex.Pattern$CharPredicate$$Lambda$20/0x0000000800c47ab0 (java.base@16.0.2)
 834:             1             24  java.util.regex.Pattern$CharProperty (java.base@16.0.2)
 835:             1             24  java.util.regex.Pattern$Dollar (java.base@16.0.2)
 836:             1             24  java.util.regex.Pattern$GroupHead (java.base@16.0.2)
 837:             1             24  java.util.regex.Pattern$GroupTail (java.base@16.0.2)
 838:             1             24  java.util.regex.Pattern$Slice (java.base@16.0.2)
 839:             1             24  java.util.stream.Nodes$FixedNodeBuilder (java.base@16.0.2)
 840:             1             24  java.util.stream.ReferencePipeline$3$1 (java.base@16.0.2)
 841:             1             24  jdk.internal.jimage.ImageReader (java.base@16.0.2)
 842:             1             24  jdk.internal.loader.URLClassPath$FileLoader (java.base@16.0.2)
 843:             1             24  jdk.internal.logger.BootstrapLogger$RedirectedLoggers (java.base@16.0.2)
 844:             1             24  jdk.internal.module.ModuleBootstrap$SafeModuleFinder (java.base@16.0.2)
 845:             1             24  jdk.internal.module.ModuleHashes (java.base@16.0.2)
 846:             1             24  jdk.internal.ref.CleanerImpl (java.base@16.0.2)
 847:             1             24  jdk.jfr.FlightRecorderPermission (jdk.jfr@16.0.2)
 848:             1             24  jdk.jfr.internal.SecuritySupport$SecureRecorderListener (jdk.jfr@16.0.2)
 849:             1             24  jdk.jfr.internal.management.StreamManager (jdk.jfr@16.0.2)
 850:             1             24  jdk.management.jfr.internal.FlightRecorderMXBeanProvider$SingleMBeanComponent (jdk.management.jfr@16.0.2)
 851:             1             24  ru.job4j.tracker.trackers.MemTracker
 852:             1             24  ru.job4j.tracker.ValidateInput
 853:             1             24  sun.instrument.TransformerManager (java.instrument@16.0.2)
 854:             1             24  sun.management.CompilationImpl (java.management@16.0.2)
 855:             1             24  sun.management.ManagementFactoryHelper$LoggingMXBeanAccess (java.management@16.0.2)
 856:             1             24  sun.management.ManagementFactoryHelper$PlatformLoggingImpl (java.management@16.0.2)
 857:             1             24  sun.management.MemoryImpl (java.management@16.0.2)
 858:             1             24  sun.management.RuntimeImpl (java.management@16.0.2)
 859:             1             24  sun.management.VMManagementImpl (java.management@16.0.2)
 860:             1             24  sun.nio.cs.ISO_8859_1 (java.base@16.0.2)
 861:             1             24  sun.nio.cs.MS1251 (java.base@16.0.2)
 862:             1             24  sun.nio.cs.StandardCharsets (java.base@16.0.2)
 863:             1             24  sun.nio.cs.US_ASCII (java.base@16.0.2)
 864:             1             24  sun.nio.cs.UTF_16 (java.base@16.0.2)
 865:             1             24  sun.nio.cs.UTF_16BE (java.base@16.0.2)
 866:             1             24  sun.nio.cs.UTF_16LE (java.base@16.0.2)
 867:             1             24  sun.nio.cs.UTF_8 (java.base@16.0.2)
 868:             1             24  sun.nio.fs.WindowsFileSystem (java.base@16.0.2)
 869:             1             24  sun.reflect.generics.reflectiveObjects.WildcardTypeImpl (java.base@16.0.2)
 870:             1             24  sun.rmi.runtime.RuntimeUtil$1 (java.rmi@16.0.2)
 871:             1             24  sun.rmi.transport.DGCImpl (java.rmi@16.0.2)
 872:             1             24  sun.rmi.transport.SequenceEntry (java.rmi@16.0.2)
 873:             1             24  sun.security.provider.DRBG (java.base@16.0.2)
 874:             1             24  sun.util.cldr.CLDRCalendarNameProviderImpl (java.base@16.0.2)
 875:             1             24  sun.util.cldr.CLDRTimeZoneNameProviderImpl (java.base@16.0.2)
 876:             1             24  sun.util.locale.BaseLocale$Cache (java.base@16.0.2)
 877:             1             24  sun.util.locale.provider.CalendarNameProviderImpl (java.base@16.0.2)
 878:             1             24  sun.util.locale.provider.DecimalFormatSymbolsProviderImpl (java.base@16.0.2)
 879:             1             24  sun.util.locale.provider.NumberFormatProviderImpl (java.base@16.0.2)
 880:             1             24  sun.util.locale.provider.TimeZoneNameProviderImpl (java.base@16.0.2)
 881:             1             16  [Ljava.lang.Throwable; (java.base@16.0.2)
 882:             1             16  [Ljava.lang.management.LockInfo; (java.management@16.0.2)
 883:             1             16  [Ljava.lang.management.MonitorInfo; (java.management@16.0.2)
 884:             1             16  [Ljava.nio.file.attribute.FileAttribute; (java.base@16.0.2)
 885:             1             16  [Ljava.security.Provider; (java.base@16.0.2)
 886:             1             16  [Ljava.security.cert.Certificate; (java.base@16.0.2)
 887:             1             16  [Ljava.text.FieldPosition; (java.base@16.0.2)
 888:             1             16  [Ljava.time.zone.ZoneOffsetTransitionRule; (java.base@16.0.2)
 889:             1             16  [Ljava.util.logging.Handler; (java.logging@16.0.2)
 890:             1             16  [Ljavax.management.remote.TargetedNotification; (java.management@16.0.2)
 891:             1             16  [Lsun.instrument.TransformerManager$TransformerInfo; (java.instrument@16.0.2)
 892:             1             16  com.sun.jmx.interceptor.DefaultMBeanServerInterceptor$ResourceContext$1 (java.management@16.0.2)
 893:             1             16  com.sun.jmx.mbeanserver.DefaultMXBeanMappingFactory (java.management@16.0.2)
 894:             1             16  com.sun.jmx.mbeanserver.DescriptorCache (java.management@16.0.2)
 895:             1             16  com.sun.jmx.mbeanserver.MBeanAnalyzer$MethodOrder (java.management@16.0.2)
 896:             1             16  com.sun.jmx.mbeanserver.MBeanInstantiator (java.management@16.0.2)
 897:             1             16  com.sun.jmx.mbeanserver.MXBeanIntrospector (java.management@16.0.2)
 898:             1             16  com.sun.jmx.mbeanserver.SecureClassLoaderRepository (java.management@16.0.2)
 899:             1             16  com.sun.jmx.remote.internal.ArrayNotificationBuffer$5 (java.management@16.0.2)
 900:             1             16  com.sun.jmx.remote.internal.ArrayNotificationBuffer$BroadcasterQuery (java.management@16.0.2)
 901:             1             16  com.sun.jmx.remote.internal.ArrayNotificationBuffer$BufferListener (java.management@16.0.2)
 902:             1             16  com.sun.jmx.remote.internal.ServerCommunicatorAdmin$Timeout (java.management@16.0.2)
 903:             1             16  com.sun.jmx.remote.internal.ServerNotifForwarder$NotifForwarderBufferFilter (java.management@16.0.2)
 904:             1             16  com.sun.jmx.remote.security.SubjectDelegator (java.management@16.0.2)
 905:             1             16  com.sun.management.internal.GarbageCollectionNotifInfoCompositeData$1 (jdk.management@16.0.2)
 906:             1             16  com.sun.management.internal.GcInfoCompositeData$1 (jdk.management@16.0.2)
 907:             1             16  com.sun.management.internal.GcInfoCompositeData$2 (jdk.management@16.0.2)
 908:             1             16  com.sun.management.internal.HotSpotDiagnostic (jdk.management@16.0.2)
 909:             1             16  com.sun.management.internal.PlatformMBeanProviderImpl (jdk.management@16.0.2)
 910:             1             16  com.sun.management.internal.PlatformMBeanProviderImpl$$Lambda$45/0x0000000800c6bad0 (jdk.management@16.0.2)
 911:             1             16  java.io.FileDescriptor$1 (java.base@16.0.2)
 912:             1             16  java.io.FilePermission$1 (java.base@16.0.2)
 913:             1             16  java.io.ObjectInputFilter$Config$$Lambda$89/0x0000000800c3ec48 (java.base@16.0.2)
 914:             1             16  java.io.ObjectInputFilter$Config$$Lambda$90/0x0000000800c3f058 (java.base@16.0.2)
 915:             1             16  java.io.ObjectInputFilter$Config$Global$$Lambda$91/0x0000000800c3f6d0 (java.base@16.0.2)
 916:             1             16  java.io.ObjectInputFilter$Config$Global$$Lambda$92/0x0000000800c3f910 (java.base@16.0.2)
 917:             1             16  java.io.ObjectInputStream$$Lambda$123/0x0000000800c99b58 (java.base@16.0.2)
 918:             1             16  java.io.ObjectInputStream$$Lambda$124/0x0000000800c99f68 (java.base@16.0.2)
 919:             1             16  java.io.RandomAccessFile$2 (java.base@16.0.2)
 920:             1             16  java.lang.ApplicationShutdownHooks$1 (java.base@16.0.2)
 921:             1             16  java.lang.CharacterData00 (java.base@16.0.2)
 922:             1             16  java.lang.CharacterDataLatin1 (java.base@16.0.2)
 923:             1             16  java.lang.Class$$Lambda$82/0x0000000800c3ae98 (java.base@16.0.2)
 924:             1             16  java.lang.Float (java.base@16.0.2)
 925:             1             16  java.lang.InheritableThreadLocal (java.base@16.0.2)
 926:             1             16  java.lang.Module$$Lambda$62/0x0000000800c273a0 (java.base@16.0.2)
 927:             1             16  java.lang.Runtime (java.base@16.0.2)
 928:             1             16  java.lang.String$CaseInsensitiveComparator (java.base@16.0.2)
 929:             1             16  java.lang.StringCoding$1 (java.base@16.0.2)
 930:             1             16  java.lang.System$2 (java.base@16.0.2)
 931:             1             16  java.lang.System$LoggerFinder$$Lambda$76/0x0000000800c2eaa8 (java.base@16.0.2)
 932:             1             16  java.lang.Terminator$1 (java.base@16.0.2)
 933:             1             16  java.lang.invoke.ClassSpecializer$1 (java.base@16.0.2)
 934:             1             16  java.lang.invoke.MemberName$Factory (java.base@16.0.2)
 935:             1             16  java.lang.invoke.MethodHandleImpl$1 (java.base@16.0.2)
 936:             1             16  java.lang.invoke.StringConcatFactory$1 (java.base@16.0.2)
 937:             1             16  java.lang.invoke.StringConcatFactory$2 (java.base@16.0.2)
 938:             1             16  java.lang.invoke.StringConcatFactory$3 (java.base@16.0.2)
 939:             1             16  java.lang.invoke.VarHandle$1 (java.base@16.0.2)
 940:             1             16  java.lang.management.DefaultPlatformMBeanProvider (java.management@16.0.2)
 941:             1             16  java.lang.management.DefaultPlatformMBeanProvider$5$$Lambda$68/0x0000000800c2ace0 (java.management@16.0.2)
 942:             1             16  java.lang.management.ManagementFactory$$Lambda$42/0x0000000800c5f0e0 (java.management@16.0.2)
 943:             1             16  java.lang.management.ManagementFactory$$Lambda$55/0x0000000800c72040 (java.management@16.0.2)
 944:             1             16  java.lang.management.ManagementFactory$$Lambda$56/0x0000000800c72288 (java.management@16.0.2)
 945:             1             16  java.lang.management.ManagementFactory$$Lambda$57/0x0000000800c724c0 (java.management@16.0.2)
 946:             1             16  java.lang.management.ManagementFactory$PlatformMBeanFinder$$Lambda$43/0x0000000800c6a668 (java.management@16.0.2)
 947:             1             16  java.lang.management.ManagementFactory$PlatformMBeanFinder$$Lambda$46/0x0000000800c6fe90 (java.management@16.0.2)
 948:             1             16  java.lang.management.ManagementFactory$PlatformMBeanFinder$$Lambda$47/0x0000000800c700c8 (java.management@16.0.2)
 949:             1             16  java.lang.management.ManagementFactory$PlatformMBeanFinder$$Lambda$49/0x0000000800c70538 (java.management@16.0.2)
 950:             1             16  java.lang.management.ManagementFactory$PlatformMBeanFinder$$Lambda$53/0x0000000800c71bc8 (java.management@16.0.2)
 951:             1             16  java.lang.management.ManagementFactory$PlatformMBeanFinder$$Lambda$54/0x0000000800c71e00 (java.management@16.0.2)
 952:             1             16  java.lang.module.ModuleDescriptor$1 (java.base@16.0.2)
 953:             1             16  java.lang.module.ModuleDescriptor$Builder$$Lambda$34/0x80000003b (java.base@16.0.2)
 954:             1             16  java.lang.ref.Cleaner (java.base@16.0.2)
 955:             1             16  java.lang.ref.Cleaner$1 (java.base@16.0.2)
 956:             1             16  java.lang.ref.Reference$1 (java.base@16.0.2)
 957:             1             16  java.lang.reflect.Proxy$$Lambda$59/0x0000000800c26638 (java.base@16.0.2)
 958:             1             16  java.lang.reflect.Proxy$ProxyBuilder$$Lambda$60/0x0000000800c26a68 (java.base@16.0.2)
 959:             1             16  java.lang.reflect.ProxyGenerator$$Lambda$65/0x0000000800c27f40 (java.base@16.0.2)
 960:             1             16  java.lang.reflect.ProxyGenerator$$Lambda$66/0x0000000800c28178 (java.base@16.0.2)
 961:             1             16  java.lang.reflect.ReflectAccess (java.base@16.0.2)
 962:             1             16  java.net.InetAddress$1 (java.base@16.0.2)
 963:             1             16  java.net.InetAddress$PlatformNameService (java.base@16.0.2)
 964:             1             16  java.net.SocketImpl$$Lambda$16/0x0000000800c46840 (java.base@16.0.2)
 965:             1             16  java.net.URI$1 (java.base@16.0.2)
 966:             1             16  java.net.URL$3 (java.base@16.0.2)
 967:             1             16  java.net.URL$DefaultFactory (java.base@16.0.2)
 968:             1             16  java.nio.Bits$1 (java.base@16.0.2)
 969:             1             16  java.nio.Buffer$1 (java.base@16.0.2)
 970:             1             16  java.nio.file.Files$AcceptAllFilter (java.base@16.0.2)
 971:             1             16  java.rmi.server.ObjID$$Lambda$104/0x0000000800c84688 (java.rmi@16.0.2)
 972:             1             16  java.rmi.server.RMIClassLoader$2 (java.rmi@16.0.2)
 973:             1             16  java.security.AllPermission (java.base@16.0.2)
 974:             1             16  java.security.AllPermissionCollection (java.base@16.0.2)
 975:             1             16  java.security.ProtectionDomain$JavaSecurityAccessImpl (java.base@16.0.2)
 976:             1             16  java.text.DecimalFormatSymbols$$Lambda$58/0x80000005e (java.base@16.0.2)
 977:             1             16  java.time.chrono.IsoChronology (java.base@16.0.2)
 978:             1             16  java.time.format.DateTimeFormatter$$Lambda$49/0x800000055 (java.base@16.0.2)
 979:             1             16  java.time.format.DateTimeFormatter$$Lambda$50/0x800000056 (java.base@16.0.2)
 980:             1             16  java.time.format.DateTimeFormatterBuilder$$Lambda$48/0x800000054 (java.base@16.0.2)
 981:             1             16  java.time.format.DateTimeFormatterBuilder$InstantPrinterParser (java.base@16.0.2)
 982:             1             16  java.time.format.DateTimeTextProvider (java.base@16.0.2)
 983:             1             16  java.time.format.DateTimeTextProvider$1 (java.base@16.0.2)
 984:             1             16  java.time.temporal.TemporalQueries$1 (java.base@16.0.2)
 985:             1             16  java.time.temporal.TemporalQueries$2 (java.base@16.0.2)
 986:             1             16  java.time.temporal.TemporalQueries$3 (java.base@16.0.2)
 987:             1             16  java.time.temporal.TemporalQueries$4 (java.base@16.0.2)
 988:             1             16  java.time.temporal.TemporalQueries$5 (java.base@16.0.2)
 989:             1             16  java.time.temporal.TemporalQueries$6 (java.base@16.0.2)
 990:             1             16  java.time.temporal.TemporalQueries$7 (java.base@16.0.2)
 991:             1             16  java.util.Collections$EmptyEnumeration (java.base@16.0.2)
 992:             1             16  java.util.Collections$EmptyIterator (java.base@16.0.2)
 993:             1             16  java.util.Collections$EmptyList (java.base@16.0.2)
 994:             1             16  java.util.Collections$EmptySet (java.base@16.0.2)
 995:             1             16  java.util.EnumMap$1 (java.base@16.0.2)
 996:             1             16  java.util.IdentityHashMap$Values (java.base@16.0.2)
 997:             1             16  java.util.LinkedHashSet (java.base@16.0.2)
 998:             1             16  java.util.Locale$Builder (java.base@16.0.2)
 999:             1             16  java.util.ResourceBundle$1 (java.base@16.0.2)
1000:             1             16  java.util.ResourceBundle$Control (java.base@16.0.2)
1001:             1             16  java.util.Spliterators$EmptySpliterator$OfDouble (java.base@16.0.2)
1002:             1             16  java.util.Spliterators$EmptySpliterator$OfInt (java.base@16.0.2)
1003:             1             16  java.util.Spliterators$EmptySpliterator$OfLong (java.base@16.0.2)
1004:             1             16  java.util.Spliterators$EmptySpliterator$OfRef (java.base@16.0.2)
1005:             1             16  java.util.concurrent.ConcurrentSkipListMap$KeySet (java.base@16.0.2)
1006:             1             16  java.util.concurrent.ConcurrentSkipListSet (java.base@16.0.2)
1007:             1             16  java.util.concurrent.SynchronousQueue$TransferStack (java.base@16.0.2)
1008:             1             16  java.util.concurrent.ThreadPoolExecutor$AbortPolicy (java.base@16.0.2)
1009:             1             16  java.util.concurrent.locks.ReentrantReadWriteLock$ReadLock (java.base@16.0.2)
1010:             1             16  java.util.concurrent.locks.ReentrantReadWriteLock$Sync$ThreadLocalHoldCounter (java.base@16.0.2)
1011:             1             16  java.util.concurrent.locks.ReentrantReadWriteLock$WriteLock (java.base@16.0.2)
1012:             1             16  java.util.function.Function$$Lambda$48/0x0000000800c70300 (java.base@16.0.2)
1013:             1             16  java.util.jar.Attributes (java.base@16.0.2)
1014:             1             16  java.util.jar.JavaUtilJarAccessImpl (java.base@16.0.2)
1015:             1             16  java.util.logging.ErrorManager (java.logging@16.0.2)
1016:             1             16  java.util.logging.Level$$Lambda$41/0x80000004d (java.logging@16.0.2)
1017:             1             16  java.util.logging.Level$KnownLevel$$Lambda$39/0x80000004b (java.logging@16.0.2)
1018:             1             16  java.util.logging.Level$KnownLevel$$Lambda$40/0x80000004c (java.logging@16.0.2)
1019:             1             16  java.util.logging.Level$KnownLevel$$Lambda$42/0x80000004e (java.logging@16.0.2)
1020:             1             16  java.util.logging.LogManager$LoggingProviderAccess (java.logging@16.0.2)
1021:             1             16  java.util.logging.LogManager$VisitedLoggers (java.logging@16.0.2)
1022:             1             16  java.util.logging.Logging (java.logging@16.0.2)
1023:             1             16  java.util.logging.SimpleFormatter (java.logging@16.0.2)
1024:             1             16  java.util.logging.SimpleFormatter$$Lambda$95/0x0000000800c1adb0 (java.logging@16.0.2)
1025:             1             16  java.util.regex.CharPredicates$$Lambda$14/0x0000000800c461a0 (java.base@16.0.2)
1026:             1             16  java.util.regex.CharPredicates$$Lambda$17/0x0000000800c46a58 (java.base@16.0.2)
1027:             1             16  java.util.regex.Pattern$$Lambda$15/0x0000000800c465e8 (java.base@16.0.2)
1028:             1             16  java.util.regex.Pattern$$Lambda$30/0x0000000800c50978 (java.base@16.0.2)
1029:             1             16  java.util.regex.Pattern$BitClass (java.base@16.0.2)
1030:             1             16  java.util.regex.Pattern$CharPredicate$$Lambda$23/0x80000002e (java.base@16.0.2)
1031:             1             16  java.util.regex.Pattern$LastNode (java.base@16.0.2)
1032:             1             16  java.util.regex.Pattern$Node (java.base@16.0.2)
1033:             1             16  java.util.stream.Collectors$$Lambda$44/0x800000050 (java.base@16.0.2)
1034:             1             16  java.util.stream.Collectors$$Lambda$45/0x800000051 (java.base@16.0.2)
1035:             1             16  java.util.stream.Collectors$$Lambda$46/0x800000052 (java.base@16.0.2)
1036:             1             16  java.util.stream.Collectors$$Lambda$5/0x800000011 (java.base@16.0.2)
1037:             1             16  java.util.stream.Collectors$$Lambda$50/0x0000000800c70778 (java.base@16.0.2)
1038:             1             16  java.util.stream.Collectors$$Lambda$6/0x800000012 (java.base@16.0.2)
1039:             1             16  java.util.stream.Collectors$$Lambda$69/0x0000000800c2af18 (java.base@16.0.2)
1040:             1             16  java.util.stream.Collectors$$Lambda$7/0x800000017 (java.base@16.0.2)
1041:             1             16  java.util.stream.Collectors$$Lambda$71/0x0000000800c2b360 (java.base@16.0.2)
1042:             1             16  java.util.stream.Collectors$$Lambda$78/0x0000000800c368d8 (java.base@16.0.2)
1043:             1             16  java.util.stream.Collectors$$Lambda$79/0x0000000800c36af0 (java.base@16.0.2)
1044:             1             16  java.util.stream.Collectors$$Lambda$8/0x800000018 (java.base@16.0.2)
1045:             1             16  java.util.stream.Collectors$$Lambda$80/0x0000000800c36d18 (java.base@16.0.2)
1046:             1             16  java.util.stream.FindOps$FindSink$OfInt$$Lambda$59/0x80000005f (java.base@16.0.2)
1047:             1             16  java.util.stream.FindOps$FindSink$OfInt$$Lambda$60/0x800000060 (java.base@16.0.2)
1048:             1             16  java.util.stream.FindOps$FindSink$OfInt$$Lambda$61/0x800000061 (java.base@16.0.2)
1049:             1             16  java.util.stream.FindOps$FindSink$OfInt$$Lambda$62/0x800000062 (java.base@16.0.2)
1050:             1             16  java.util.stream.FindOps$FindSink$OfRef$$Lambda$11/0x80000001b (java.base@16.0.2)
1051:             1             16  java.util.stream.FindOps$FindSink$OfRef$$Lambda$12/0x80000001c (java.base@16.0.2)
1052:             1             16  java.util.stream.FindOps$FindSink$OfRef$$Lambda$13/0x80000001d (java.base@16.0.2)
1053:             1             16  java.util.stream.FindOps$FindSink$OfRef$$Lambda$14/0x80000001e (java.base@16.0.2)
1054:             1             16  java.util.stream.Nodes$EmptyNode$OfDouble (java.base@16.0.2)
1055:             1             16  java.util.stream.Nodes$EmptyNode$OfInt (java.base@16.0.2)
1056:             1             16  java.util.stream.Nodes$EmptyNode$OfLong (java.base@16.0.2)
1057:             1             16  java.util.stream.Nodes$EmptyNode$OfRef (java.base@16.0.2)
1058:             1             16  java.util.zip.ZipFile$1 (java.base@16.0.2)
1059:             1             16  javax.management.JMX (java.management@16.0.2)
1060:             1             16  javax.management.MBeanServerBuilder (java.management@16.0.2)
1061:             1             16  javax.management.NotificationBroadcasterSupport$1 (java.management@16.0.2)
1062:             1             16  javax.management.remote.JMXConnectorServerFactory$$Lambda$87/0x0000000800c3c408 (java.management@16.0.2)
1063:             1             16  javax.management.remote.rmi.RMIConnectionImpl_Stub (java.management.rmi@16.0.2)
1064:             1             16  javax.management.remote.rmi.RMIServerImpl_Stub (java.management.rmi@16.0.2)
1065:             1             16  jdk.internal.jimage.ImageReaderFactory$1 (java.base@16.0.2)
1066:             1             16  jdk.internal.jimage.ImageStringsReader (java.base@16.0.2)
1067:             1             16  jdk.internal.jimage.decompressor.Decompressor (java.base@16.0.2)
1068:             1             16  jdk.internal.logger.LazyLoggers$1 (java.base@16.0.2)
1069:             1             16  jdk.internal.logger.LazyLoggers$LazyLoggerFactories (java.base@16.0.2)
1070:             1             16  jdk.internal.math.FloatingDecimal$1 (java.base@16.0.2)
1071:             1             16  jdk.internal.misc.ScopedMemoryAccess (java.base@16.0.2)
1072:             1             16  jdk.internal.misc.TerminatingThreadLocal$1 (java.base@16.0.2)
1073:             1             16  jdk.internal.misc.Unsafe (java.base@16.0.2)
1074:             1             16  jdk.internal.module.DefaultRoots$$Lambda$1/0x800000002 (java.base@16.0.2)
1075:             1             16  jdk.internal.module.DefaultRoots$$Lambda$16/0x800000020 (java.base@16.0.2)
1076:             1             16  jdk.internal.module.DefaultRoots$$Lambda$2/0x800000004 (java.base@16.0.2)
1077:             1             16  jdk.internal.module.DefaultRoots$$Lambda$4/0x800000007 (java.base@16.0.2)
1078:             1             16  jdk.internal.module.ModulePatcher (java.base@16.0.2)
1079:             1             16  jdk.internal.module.ModuleTarget (java.base@16.0.2)
1080:             1             16  jdk.internal.perf.Perf (java.base@16.0.2)
1081:             1             16  jdk.internal.reflect.GeneratedConstructorAccessor1 (java.base@16.0.2)
1082:             1             16  jdk.internal.reflect.GeneratedConstructorAccessor2 (java.base@16.0.2)
1083:             1             16  jdk.internal.reflect.GeneratedMethodAccessor1 (java.base@16.0.2)
1084:             1             16  jdk.internal.reflect.GeneratedMethodAccessor10 (java.base@16.0.2)
1085:             1             16  jdk.internal.reflect.GeneratedMethodAccessor11 (java.base@16.0.2)
1086:             1             16  jdk.internal.reflect.GeneratedMethodAccessor12 (java.base@16.0.2)
1087:             1             16  jdk.internal.reflect.GeneratedMethodAccessor13 (java.base@16.0.2)
1088:             1             16  jdk.internal.reflect.GeneratedMethodAccessor14 (java.base@16.0.2)
1089:             1             16  jdk.internal.reflect.GeneratedMethodAccessor15 (java.base@16.0.2)
1090:             1             16  jdk.internal.reflect.GeneratedMethodAccessor16 (java.base@16.0.2)
1091:             1             16  jdk.internal.reflect.GeneratedMethodAccessor17 (java.base@16.0.2)
1092:             1             16  jdk.internal.reflect.GeneratedMethodAccessor18 (java.base@16.0.2)
1093:             1             16  jdk.internal.reflect.GeneratedMethodAccessor19 (java.base@16.0.2)
1094:             1             16  jdk.internal.reflect.GeneratedMethodAccessor2 (java.base@16.0.2)
1095:             1             16  jdk.internal.reflect.GeneratedMethodAccessor20 (java.base@16.0.2)
1096:             1             16  jdk.internal.reflect.GeneratedMethodAccessor21 (java.base@16.0.2)
1097:             1             16  jdk.internal.reflect.GeneratedMethodAccessor22 (java.base@16.0.2)
1098:             1             16  jdk.internal.reflect.GeneratedMethodAccessor23 (java.base@16.0.2)
1099:             1             16  jdk.internal.reflect.GeneratedMethodAccessor24 (java.base@16.0.2)
1100:             1             16  jdk.internal.reflect.GeneratedMethodAccessor25 (java.base@16.0.2)
1101:             1             16  jdk.internal.reflect.GeneratedMethodAccessor26 (java.base@16.0.2)
1102:             1             16  jdk.internal.reflect.GeneratedMethodAccessor27 (java.base@16.0.2)
1103:             1             16  jdk.internal.reflect.GeneratedMethodAccessor28 (java.base@16.0.2)
1104:             1             16  jdk.internal.reflect.GeneratedMethodAccessor29 (java.base@16.0.2)
1105:             1             16  jdk.internal.reflect.GeneratedMethodAccessor3 (java.base@16.0.2)
1106:             1             16  jdk.internal.reflect.GeneratedMethodAccessor30 (java.base@16.0.2)
1107:             1             16  jdk.internal.reflect.GeneratedMethodAccessor31 (java.base@16.0.2)
1108:             1             16  jdk.internal.reflect.GeneratedMethodAccessor32 (java.base@16.0.2)
1109:             1             16  jdk.internal.reflect.GeneratedMethodAccessor33 (java.base@16.0.2)
1110:             1             16  jdk.internal.reflect.GeneratedMethodAccessor34 (java.base@16.0.2)
1111:             1             16  jdk.internal.reflect.GeneratedMethodAccessor35 (java.base@16.0.2)
1112:             1             16  jdk.internal.reflect.GeneratedMethodAccessor36 (java.base@16.0.2)
1113:             1             16  jdk.internal.reflect.GeneratedMethodAccessor37 (java.base@16.0.2)
1114:             1             16  jdk.internal.reflect.GeneratedMethodAccessor38 (java.base@16.0.2)
1115:             1             16  jdk.internal.reflect.GeneratedMethodAccessor39 (java.base@16.0.2)
1116:             1             16  jdk.internal.reflect.GeneratedMethodAccessor4 (java.base@16.0.2)
1117:             1             16  jdk.internal.reflect.GeneratedMethodAccessor40 (java.base@16.0.2)
1118:             1             16  jdk.internal.reflect.GeneratedMethodAccessor41 (java.base@16.0.2)
1119:             1             16  jdk.internal.reflect.GeneratedMethodAccessor42 (java.base@16.0.2)
1120:             1             16  jdk.internal.reflect.GeneratedMethodAccessor43 (java.base@16.0.2)
1121:             1             16  jdk.internal.reflect.GeneratedMethodAccessor44 (java.base@16.0.2)
1122:             1             16  jdk.internal.reflect.GeneratedMethodAccessor45 (java.base@16.0.2)
1123:             1             16  jdk.internal.reflect.GeneratedMethodAccessor46 (java.base@16.0.2)
1124:             1             16  jdk.internal.reflect.GeneratedMethodAccessor47 (java.base@16.0.2)
1125:             1             16  jdk.internal.reflect.GeneratedMethodAccessor48 (java.base@16.0.2)
1126:             1             16  jdk.internal.reflect.GeneratedMethodAccessor49 (java.base@16.0.2)
1127:             1             16  jdk.internal.reflect.GeneratedMethodAccessor5
1128:             1             16  jdk.internal.reflect.GeneratedMethodAccessor50 (java.base@16.0.2)
1129:             1             16  jdk.internal.reflect.GeneratedMethodAccessor51 (java.base@16.0.2)
1130:             1             16  jdk.internal.reflect.GeneratedMethodAccessor52 (java.base@16.0.2)
1131:             1             16  jdk.internal.reflect.GeneratedMethodAccessor53 (java.base@16.0.2)
1132:             1             16  jdk.internal.reflect.GeneratedMethodAccessor54 (java.base@16.0.2)
1133:             1             16  jdk.internal.reflect.GeneratedMethodAccessor55 (java.base@16.0.2)
1134:             1             16  jdk.internal.reflect.GeneratedMethodAccessor56 (java.base@16.0.2)
1135:             1             16  jdk.internal.reflect.GeneratedMethodAccessor57 (java.base@16.0.2)
1136:             1             16  jdk.internal.reflect.GeneratedMethodAccessor58 (java.base@16.0.2)
1137:             1             16  jdk.internal.reflect.GeneratedMethodAccessor59 (java.base@16.0.2)
1138:             1             16  jdk.internal.reflect.GeneratedMethodAccessor6 (java.base@16.0.2)
1139:             1             16  jdk.internal.reflect.GeneratedMethodAccessor60 (java.base@16.0.2)
1140:             1             16  jdk.internal.reflect.GeneratedMethodAccessor61 (java.base@16.0.2)
1141:             1             16  jdk.internal.reflect.GeneratedMethodAccessor62 (java.base@16.0.2)
1142:             1             16  jdk.internal.reflect.GeneratedMethodAccessor63 (java.base@16.0.2)
1143:             1             16  jdk.internal.reflect.GeneratedMethodAccessor64 (java.base@16.0.2)
1144:             1             16  jdk.internal.reflect.GeneratedMethodAccessor65 (java.base@16.0.2)
1145:             1             16  jdk.internal.reflect.GeneratedMethodAccessor66 (java.base@16.0.2)
1146:             1             16  jdk.internal.reflect.GeneratedMethodAccessor67 (java.base@16.0.2)
1147:             1             16  jdk.internal.reflect.GeneratedMethodAccessor68 (java.base@16.0.2)
1148:             1             16  jdk.internal.reflect.GeneratedMethodAccessor69 (java.base@16.0.2)
1149:             1             16  jdk.internal.reflect.GeneratedMethodAccessor7 (java.base@16.0.2)
1150:             1             16  jdk.internal.reflect.GeneratedMethodAccessor70 (java.base@16.0.2)
1151:             1             16  jdk.internal.reflect.GeneratedMethodAccessor71 (java.base@16.0.2)
1152:             1             16  jdk.internal.reflect.GeneratedMethodAccessor72 (java.base@16.0.2)
1153:             1             16  jdk.internal.reflect.GeneratedMethodAccessor73 (java.base@16.0.2)
1154:             1             16  jdk.internal.reflect.GeneratedMethodAccessor74 (java.base@16.0.2)
1155:             1             16  jdk.internal.reflect.GeneratedMethodAccessor75 (java.base@16.0.2)
1156:             1             16  jdk.internal.reflect.GeneratedMethodAccessor76 (java.base@16.0.2)
1157:             1             16  jdk.internal.reflect.GeneratedMethodAccessor77 (java.base@16.0.2)
1158:             1             16  jdk.internal.reflect.GeneratedMethodAccessor8 (java.base@16.0.2)
1159:             1             16  jdk.internal.reflect.GeneratedMethodAccessor9 (java.base@16.0.2)
1160:             1             16  jdk.internal.reflect.GeneratedSerializationConstructorAccessor1 (java.base@16.0.2)
1161:             1             16  jdk.internal.reflect.GeneratedSerializationConstructorAccessor10 (java.base@16.0.2)
1162:             1             16  jdk.internal.reflect.GeneratedSerializationConstructorAccessor11 (java.base@16.0.2)
1163:             1             16  jdk.internal.reflect.GeneratedSerializationConstructorAccessor12 (java.base@16.0.2)
1164:             1             16  jdk.internal.reflect.GeneratedSerializationConstructorAccessor13 (java.base@16.0.2)
1165:             1             16  jdk.internal.reflect.GeneratedSerializationConstructorAccessor14 (java.base@16.0.2)
1166:             1             16  jdk.internal.reflect.GeneratedSerializationConstructorAccessor15 (java.base@16.0.2)
1167:             1             16  jdk.internal.reflect.GeneratedSerializationConstructorAccessor16 (java.base@16.0.2)
1168:             1             16  jdk.internal.reflect.GeneratedSerializationConstructorAccessor17 (java.base@16.0.2)
1169:             1             16  jdk.internal.reflect.GeneratedSerializationConstructorAccessor18 (java.base@16.0.2)
1170:             1             16  jdk.internal.reflect.GeneratedSerializationConstructorAccessor19 (java.base@16.0.2)
1171:             1             16  jdk.internal.reflect.GeneratedSerializationConstructorAccessor2 (java.base@16.0.2)
1172:             1             16  jdk.internal.reflect.GeneratedSerializationConstructorAccessor20 (java.base@16.0.2)
1173:             1             16  jdk.internal.reflect.GeneratedSerializationConstructorAccessor21 (java.base@16.0.2)
1174:             1             16  jdk.internal.reflect.GeneratedSerializationConstructorAccessor22 (java.base@16.0.2)
1175:             1             16  jdk.internal.reflect.GeneratedSerializationConstructorAccessor23 (java.base@16.0.2)
1176:             1             16  jdk.internal.reflect.GeneratedSerializationConstructorAccessor24 (java.base@16.0.2)
1177:             1             16  jdk.internal.reflect.GeneratedSerializationConstructorAccessor25 (java.base@16.0.2)
1178:             1             16  jdk.internal.reflect.GeneratedSerializationConstructorAccessor26 (java.base@16.0.2)
1179:             1             16  jdk.internal.reflect.GeneratedSerializationConstructorAccessor27 (java.base@16.0.2)
1180:             1             16  jdk.internal.reflect.GeneratedSerializationConstructorAccessor28 (java.base@16.0.2)
1181:             1             16  jdk.internal.reflect.GeneratedSerializationConstructorAccessor29 (java.base@16.0.2)
1182:             1             16  jdk.internal.reflect.GeneratedSerializationConstructorAccessor3 (java.base@16.0.2)
1183:             1             16  jdk.internal.reflect.GeneratedSerializationConstructorAccessor30 (java.base@16.0.2)
1184:             1             16  jdk.internal.reflect.GeneratedSerializationConstructorAccessor31 (java.base@16.0.2)
1185:             1             16  jdk.internal.reflect.GeneratedSerializationConstructorAccessor32 (java.base@16.0.2)
1186:             1             16  jdk.internal.reflect.GeneratedSerializationConstructorAccessor33 (java.base@16.0.2)
1187:             1             16  jdk.internal.reflect.GeneratedSerializationConstructorAccessor34 (java.base@16.0.2)
1188:             1             16  jdk.internal.reflect.GeneratedSerializationConstructorAccessor35 (java.base@16.0.2)
1189:             1             16  jdk.internal.reflect.GeneratedSerializationConstructorAccessor36 (java.base@16.0.2)
1190:             1             16  jdk.internal.reflect.GeneratedSerializationConstructorAccessor37 (java.base@16.0.2)
1191:             1             16  jdk.internal.reflect.GeneratedSerializationConstructorAccessor38 (java.base@16.0.2)
1192:             1             16  jdk.internal.reflect.GeneratedSerializationConstructorAccessor39 (java.base@16.0.2)
1193:             1             16  jdk.internal.reflect.GeneratedSerializationConstructorAccessor4 (java.base@16.0.2)
1194:             1             16  jdk.internal.reflect.GeneratedSerializationConstructorAccessor5 (java.base@16.0.2)
1195:             1             16  jdk.internal.reflect.GeneratedSerializationConstructorAccessor6 (java.base@16.0.2)
1196:             1             16  jdk.internal.reflect.GeneratedSerializationConstructorAccessor7 (java.base@16.0.2)
1197:             1             16  jdk.internal.reflect.GeneratedSerializationConstructorAccessor8 (java.base@16.0.2)
1198:             1             16  jdk.internal.reflect.GeneratedSerializationConstructorAccessor9 (java.base@16.0.2)
1199:             1             16  jdk.internal.reflect.ReflectionFactory (java.base@16.0.2)
1200:             1             16  jdk.internal.util.Preconditions$1 (java.base@16.0.2)
1201:             1             16  jdk.jfr.FlightRecorderPermission$InternalAccess (jdk.jfr@16.0.2)
1202:             1             16  jdk.jfr.internal.JVM (jdk.jfr@16.0.2)
1203:             1             16  jdk.jfr.internal.SecuritySupport$Privileged (jdk.jfr@16.0.2)
1204:             1             16  jdk.jfr.internal.consumer.FileAccess$UnPrivileged (jdk.jfr@16.0.2)
1205:             1             16  jdk.management.jfr.SettingDescriptorInfo$1 (jdk.management.jfr@16.0.2)
1206:             1             16  jdk.net.ExtendedSocketOptions$PlatformSocketOptions (jdk.net@16.0.2)
1207:             1             16  ru.job4j.tracker.ConsoleInput
1208:             1             16  ru.job4j.tracker.ConsoleOutput
1209:             1             16  ru.job4j.tracker.CreateAction
1210:             1             16  ru.job4j.tracker.DeleteAction
1211:             1             16  ru.job4j.tracker.Exit
1212:             1             16  ru.job4j.tracker.FindAllAction
1213:             1             16  ru.job4j.tracker.FindByIdAction
1214:             1             16  ru.job4j.tracker.FindByNameAction
1215:             1             16  ru.job4j.tracker.ReplaceAction
1216:             1             16  ru.job4j.tracker.gc.StartUIGc
1217:             1             16  sun.management.ClassLoadingImpl (java.management@16.0.2)
1218:             1             16  sun.management.ManagementFactoryHelper$$Lambda$134/0x0000000800cb2e90 (java.management@16.0.2)
1219:             1             16  sun.management.ManagementFactoryHelper$$Lambda$135/0x0000000800cb30c8 (java.management@16.0.2)
1220:             1             16  sun.management.ManagementFactoryHelper$$Lambda$77/0x0000000800c366a0 (java.management@16.0.2)
1221:             1             16  sun.management.MappedMXBeanType$CompositeDataMXBeanType$1 (java.management@16.0.2)
1222:             1             16  sun.management.MappedMXBeanType$CompositeDataMXBeanType$2 (java.management@16.0.2)
1223:             1             16  sun.management.jmxremote.ConnectorBootstrap$PermanentExporter (jdk.management.agent@16.0.2)
1224:             1             16  sun.management.jmxremote.LocalRMIServerSocketFactory (jdk.management.agent@16.0.2)
1225:             1             16  sun.net.spi.DefaultProxySelector (java.base@16.0.2)
1226:             1             16  sun.net.www.protocol.file.Handler (java.base@16.0.2)
1227:             1             16  sun.net.www.protocol.jar.Handler (java.base@16.0.2)
1228:             1             16  sun.net.www.protocol.jrt.Handler (java.base@16.0.2)
1229:             1             16  sun.nio.ch.ExtendedSocketOption$1 (java.base@16.0.2)
1230:             1             16  sun.nio.ch.FileChannelImpl$1 (java.base@16.0.2)
1231:             1             16  sun.nio.ch.FileChannelImpl$2 (java.base@16.0.2)
1232:             1             16  sun.nio.ch.Net$1 (java.base@16.0.2)
1233:             1             16  sun.nio.ch.SocketDispatcher (java.base@16.0.2)
1234:             1             16  sun.nio.ch.Util$1 (java.base@16.0.2)
1235:             1             16  sun.nio.fs.NativeBuffers$1 (java.base@16.0.2)
1236:             1             16  sun.nio.fs.WindowsFileSystemProvider (java.base@16.0.2)
1237:             1             16  sun.reflect.generics.tree.BottomSignature (java.base@16.0.2)
1238:             1             16  sun.reflect.generics.tree.LongSignature (java.base@16.0.2)
1239:             1             16  sun.reflect.generics.tree.TypeVariableSignature (java.base@16.0.2)
1240:             1             16  sun.reflect.generics.tree.VoidDescriptor (java.base@16.0.2)
1241:             1             16  sun.rmi.runtime.Log$$Lambda$94/0x0000000800c199b0 (java.rmi@16.0.2)
1242:             1             16  sun.rmi.runtime.Log$LoggerLogFactory (java.rmi@16.0.2)
1243:             1             16  sun.rmi.runtime.RuntimeUtil (java.rmi@16.0.2)
1244:             1             16  sun.rmi.runtime.RuntimeUtil$$Lambda$116/0x0000000800c8b550 (java.rmi@16.0.2)
1245:             1             16  sun.rmi.server.LoaderHandler$$Lambda$128/0x0000000800c9dfb0 (java.rmi@16.0.2)
1246:             1             16  sun.rmi.server.LoaderHandler$$Lambda$129/0x0000000800c9e1c8 (java.rmi@16.0.2)
1247:             1             16  sun.rmi.server.MarshalInputStream$$Lambda$125/0x0000000800c9a180 (java.rmi@16.0.2)
1248:             1             16  sun.rmi.server.UnicastRef (java.rmi@16.0.2)
1249:             1             16  sun.rmi.server.UnicastRef$$Lambda$97/0x0000000800c1ba68 (java.rmi@16.0.2)
1250:             1             16  sun.rmi.server.UnicastServerRef$$Lambda$100/0x0000000800c1c0b0 (java.rmi@16.0.2)
1251:             1             16  sun.rmi.server.UnicastServerRef$$Lambda$98/0x0000000800c1bc80 (java.rmi@16.0.2)
1252:             1             16  sun.rmi.server.UnicastServerRef$$Lambda$99/0x0000000800c1be98 (java.rmi@16.0.2)
1253:             1             16  sun.rmi.server.UnicastServerRef$HashToMethod_Maps (java.rmi@16.0.2)
1254:             1             16  sun.rmi.server.Util$$Lambda$93/0x0000000800c18d88 (java.rmi@16.0.2)
1255:             1             16  sun.rmi.server.Util$$Lambda$96/0x0000000800c1b850 (java.rmi@16.0.2)
1256:             1             16  sun.rmi.transport.DGCAckHandler$$Lambda$130/0x0000000800ca7a60 (java.rmi@16.0.2)
1257:             1             16  sun.rmi.transport.DGCImpl$$Lambda$113/0x0000000800c8aad8 (java.rmi@16.0.2)
1258:             1             16  sun.rmi.transport.DGCImpl$$Lambda$114/0x0000000800c8acf0 (java.rmi@16.0.2)
1259:             1             16  sun.rmi.transport.DGCImpl$$Lambda$115/0x0000000800c8af08 (java.rmi@16.0.2)
1260:             1             16  sun.rmi.transport.DGCImpl$$Lambda$117/0x0000000800c8d748 (java.rmi@16.0.2)
1261:             1             16  sun.rmi.transport.DGCImpl$1 (java.rmi@16.0.2)
1262:             1             16  sun.rmi.transport.DGCImpl$2$$Lambda$118/0x0000000800c8dd80 (java.rmi@16.0.2)
1263:             1             16  sun.rmi.transport.DGCImpl_Skel (java.rmi@16.0.2)
1264:             1             16  sun.rmi.transport.DGCImpl_Stub (java.rmi@16.0.2)
1265:             1             16  sun.rmi.transport.ObjectTable$$Lambda$112/0x0000000800c8a4a0 (java.rmi@16.0.2)
1266:             1             16  sun.rmi.transport.Transport$$Lambda$107/0x0000000800c85800 (java.rmi@16.0.2)
1267:             1             16  sun.rmi.transport.tcp.TCPChannel$$Lambda$120/0x0000000800c98088 (java.rmi@16.0.2)
1268:             1             16  sun.rmi.transport.tcp.TCPChannel$$Lambda$121/0x0000000800c982a0 (java.rmi@16.0.2)
1269:             1             16  sun.rmi.transport.tcp.TCPChannel$$Lambda$122/0x0000000800c984b8 (java.rmi@16.0.2)
1270:             1             16  sun.rmi.transport.tcp.TCPDirectSocketFactory (java.rmi@16.0.2)
1271:             1             16  sun.rmi.transport.tcp.TCPEndpoint$$Lambda$105/0x0000000800c84d38 (java.rmi@16.0.2)
1272:             1             16  sun.rmi.transport.tcp.TCPTransport$$Lambda$108/0x0000000800c85a18 (java.rmi@16.0.2)
1273:             1             16  sun.rmi.transport.tcp.TCPTransport$$Lambda$109/0x0000000800c85c30 (java.rmi@16.0.2)
1274:             1             16  sun.rmi.transport.tcp.TCPTransport$$Lambda$110/0x0000000800c85e48 (java.rmi@16.0.2)
1275:             1             16  sun.rmi.transport.tcp.TCPTransport$$Lambda$111/0x0000000800c886e8 (java.rmi@16.0.2)
1276:             1             16  sun.rmi.transport.tcp.TCPTransport$1 (java.rmi@16.0.2)
1277:             1             16  sun.security.provider.AbstractDrbg$$Lambda$102/0x0000000800c801f8 (java.base@16.0.2)
1278:             1             16  sun.security.provider.AbstractDrbg$SeederHolder$$Lambda$103/0x0000000800c83d78 (java.base@16.0.2)
1279:             1             16  sun.security.provider.DRBG$$Lambda$101/0x0000000800c17508 (java.base@16.0.2)
1280:             1             16  sun.security.provider.NativeSeedGenerator (java.base@16.0.2)
1281:             1             16  sun.util.calendar.Gregorian (java.base@16.0.2)
1282:             1             16  sun.util.cldr.CLDRBaseLocaleDataMetaInfo (java.base@16.0.2)
1283:             1             16  sun.util.locale.InternalLocaleBuilder$CaseInsensitiveChar (java.base@16.0.2)
1284:             1             16  sun.util.locale.provider.CalendarDataUtility$CalendarFieldValueNameGetter (java.base@16.0.2)
1285:             1             16  sun.util.locale.provider.CalendarDataUtility$CalendarFieldValueNamesMapGetter (java.base@16.0.2)
1286:             1             16  sun.util.locale.provider.CalendarNameProviderImpl$LengthBasedComparator (java.base@16.0.2)
1287:             1             16  sun.util.locale.provider.TimeZoneNameUtility$TimeZoneNameGetter (java.base@16.0.2)
1288:             1             16  sun.util.logging.internal.LoggingProviderImpl (java.logging@16.0.2)
1289:             1             16  sun.util.resources.LocaleData$LocaleDataStrategy (java.base@16.0.2)
1290:             1             16  sun.util.resources.LocaleData$SupplementaryStrategy (java.base@16.0.2)
1291:             1             16  sun.util.resources.cldr.provider.CLDRLocaleDataMetaInfo (jdk.localedata@16.0.2)
Total        121985        7535264
